Archive member included because of file (symbol)

C:\Program Files (x86)\VEX Robotics\VEXcode Pro V5\sdk/vexv5\libv5rt.a(v5_startup.c.obj)
                              (vexStartup)
C:\Program Files (x86)\VEX Robotics\VEXcode Pro V5\sdk/vexv5\libv5rt.a(v5_util.c.obj)
                              C:\Program Files (x86)\VEX Robotics\VEXcode Pro V5\sdk/vexv5\libv5rt.a(v5_startup.c.obj) (vexStdlibVersionLinked)
C:\Program Files (x86)\VEX Robotics\VEXcode Pro V5\sdk/vexv5\libv5rt.a(v5_apijump.c.obj)
                              C:\Program Files (x86)\VEX Robotics\VEXcode Pro V5\sdk/vexv5\libv5rt.a(v5_startup.c.obj) (vexPrivateApiEnable)
C:\Program Files (x86)\VEX Robotics\VEXcode Pro V5\sdk/vexv5\libv5rt.a(v5_apiversions.c.obj)
                              C:\Program Files (x86)\VEX Robotics\VEXcode Pro V5\sdk/vexv5\libv5rt.a(v5_apijump.c.obj) (vexSystemVersion)
C:\Program Files (x86)\VEX Robotics\VEXcode Pro V5\sdk/vexv5\libv5rt.a(vex_global.cpp.obj)
                              build/src/pneumatics.o (vex::wait(double, vex::timeUnits))
C:\Program Files (x86)\VEX Robotics\VEXcode Pro V5\sdk/vexv5\libv5rt.a(vex_motor.cpp.obj)
                              build/src/main.o (vex::motor::~motor())
C:\Program Files (x86)\VEX Robotics\VEXcode Pro V5\sdk/vexv5\libv5rt.a(vex_imu.cpp.obj)
                              build/src/JAR-Template/drive.o (vex::inertial::setHeading(double, vex::rotationUnits))
C:\Program Files (x86)\VEX Robotics\VEXcode Pro V5\sdk/vexv5\libv5rt.a(vex_rotation.cpp.obj)
                              build/src/main.o (vex::rotation::~rotation())
C:\Program Files (x86)\VEX Robotics\VEXcode Pro V5\sdk/vexv5\libv5rt.a(vex_optical.cpp.obj)
                              build/src/robot-config.o (vex::optical::~optical())
C:\Program Files (x86)\VEX Robotics\VEXcode Pro V5\sdk/vexv5\libv5rt.a(vex_controller.cpp.obj)
                              build/src/robot-config.o (vex::controller::~controller())
C:\Program Files (x86)\VEX Robotics\VEXcode Pro V5\sdk/vexv5\libv5rt.a(vex_task.cpp.obj)
                              build/src/JAR-Template/drive.o (vex::task::task())
C:\Program Files (x86)\VEX Robotics\VEXcode Pro V5\sdk/vexv5\libv5rt.a(vex_thread.cpp.obj)
                              C:\Program Files (x86)\VEX Robotics\VEXcode Pro V5\sdk/vexv5\libv5rt.a(vex_global.cpp.obj) (vex::this_thread::sleep_for(unsigned long))
C:\Program Files (x86)\VEX Robotics\VEXcode Pro V5\sdk/vexv5\libv5rt.a(vex_event.cpp.obj)
                              C:\Program Files (x86)\VEX Robotics\VEXcode Pro V5\sdk/vexv5\libv5rt.a(vex_imu.cpp.obj) (vex::event::init(unsigned long, unsigned long, void (*)()))
C:\Program Files (x86)\VEX Robotics\VEXcode Pro V5\sdk/vexv5\libv5rt.a(vex_mevent.cpp.obj)
                              C:\Program Files (x86)\VEX Robotics\VEXcode Pro V5\sdk/vexv5\libv5rt.a(vex_controller.cpp.obj) (vex::mevent::mevent(unsigned long, unsigned long))
C:\Program Files (x86)\VEX Robotics\VEXcode Pro V5\sdk/vexv5\libv5rt.a(vex_brain.cpp.obj)
                              build/src/robot-config.o (vex::brain::brain())
C:\Program Files (x86)\VEX Robotics\VEXcode Pro V5\sdk/vexv5\libv5rt.a(vex_competition.cpp.obj)
                              build/src/main.o (vex::competition::competition())
C:\Program Files (x86)\VEX Robotics\VEXcode Pro V5\sdk/vexv5\libv5rt.a(vex_triport.cpp.obj)
                              build/src/main.o (vex::triport::~triport())
C:\Program Files (x86)\VEX Robotics\VEXcode Pro V5\sdk/vexv5\libv5rt.a(vex_color.cpp.obj)
                              build/src/autons.o (vex::color::~color())
C:\Program Files (x86)\VEX Robotics\VEXcode Pro V5\sdk/vexv5\libv5rt.a(vex_timer.cpp.obj)
                              C:\Program Files (x86)\VEX Robotics\VEXcode Pro V5\sdk/vexv5\libv5rt.a(vex_brain.cpp.obj) (vex::timer::~timer())
C:\Program Files (x86)\VEX Robotics\VEXcode Pro V5\sdk/vexv5\libv5rt.a(vex_motorgroup.cpp.obj)
                              build/src/JAR-Template/drive.o (vex::motor_group::motor_group_motors::motor_group_motors(vex::motor_group::motor_group_motors const&))
C:\Program Files (x86)\VEX Robotics\VEXcode Pro V5\sdk/vexv5\libv5rt.a(v5_apiuser.c.obj)
                              C:\Program Files (x86)\VEX Robotics\VEXcode Pro V5\sdk/vexv5\libv5rt.a(vex_triport.cpp.obj) (vexAdiPortConfigSet)
C:\Program Files (x86)\VEX Robotics\VEXcode Pro V5\sdk/vexv5\libv5rt.a(vex_device.cpp.obj)
                              C:\Program Files (x86)\VEX Robotics\VEXcode Pro V5\sdk/vexv5\libv5rt.a(vex_motor.cpp.obj) (vex::device::~device())
C:\Program Files (x86)\VEX Robotics\VEXcode Pro V5\sdk/vexv5/gcc/libs\libc.a(lib_a-fini.o)
                              C:\Program Files (x86)\VEX Robotics\VEXcode Pro V5\sdk/vexv5\libv5rt.a(v5_startup.c.obj) (__libc_fini_array)
C:\Program Files (x86)\VEX Robotics\VEXcode Pro V5\sdk/vexv5/gcc/libs\libc.a(lib_a-impure.o)
[...]
Memory Configuration

Name             Origin             Length             Attributes
ps7_ddr_0_S_AXI_BASEADDR 0x03800000         0x04800000
*default*        0x00000000         0xffffffff

Linker script and memory map

                0x00002000                _STACK_SIZE = DEFINED (_STACK_SIZE)?_STACK_SIZE:0x2000
                0x00100000                _HEAP_SIZE = DEFINED (_HEAP_SIZE)?_HEAP_SIZE:0x100000
                0x00000400                _ABORT_STACK_SIZE = DEFINED (_ABORT_STACK_SIZE)?_ABORT_STACK_SIZE:0x400
                0x00000800                _SUPERVISOR_STACK_SIZE = DEFINED (_SUPERVISOR_STACK_SIZE)?_SUPERVISOR_STACK_SIZE:0x800
                0x00000400                _IRQ_STACK_SIZE = DEFINED (_IRQ_STACK_SIZE)?_IRQ_STACK_SIZE:0x400
                0x00000400                _FIQ_STACK_SIZE = DEFINED (_FIQ_STACK_SIZE)?_FIQ_STACK_SIZE:0x400
                0x00000400                _UNDEF_STACK_SIZE = DEFINED (_UNDEF_STACK_SIZE)?_UNDEF_STACK_SIZE:0x400

.text           0x03800000     0xa3c8
 *(.vectors)
 *(.boot_data)
 .boot_data     0x03800000       0x20 C:\Program Files (x86)\VEX Robotics\VEXcode Pro V5\sdk/vexv5\libv5rt.a(v5_startup.c.obj)
                0x03800000                vexCodeSig
                0x00000020                . = 0x20
 *(.boot)
 .boot          0x03800020       0xbc C:\Program Files (x86)\VEX Robotics\VEXcode Pro V5\sdk/vexv5\libv5rt.a(v5_startup.c.obj)
                0x03800020                vexStartup
                0x03800100                . = ALIGN (0x40)
 *fill*         0x038000dc       0x24 
 *(.freertos_vectors)
 *(.text)
 *(.text.*)
 .text._Z17left_doinker_mechv
                0x03800100       0xf8 build/src/pneumatics.o
                0x03800100                left_doinker_mech()
 .text._Z9mogo_mechv
                0x038001f8      0x130 build/src/pneumatics.o
                0x038001f8                mogo_mech()
 .text._Z18right_doinker_mechv
                0x03800328       0xf8 build/src/pneumatics.o
                0x03800328                right_doinker_mech()
 .text._Z16intake_lift_mechv
                0x03800420       0xf8 build/src/pneumatics.o
                0x03800420                intake_lift_mech()
 .text._ZN3vex11motor_groupC2IJNS_5motorES2_EEERS2_DpRT_
                0x03800518       0x44 build/src/main.o
                0x03800518                vex::motor_group::motor_group<vex::motor, vex::motor>(vex::motor&, vex::motor&, vex::motor&)
 .text._ZN5DriveD2Ev
                0x0380055c       0x7c build/src/main.o
                0x0380055c                Drive::~Drive()
 .text._Z9pre_autonv
                0x038005d8      0x330 build/src/main.o
                0x038005d8                pre_auton()
 .text._Z10autonomousv
                0x03800908       0x6c build/src/main.o
                0x03800908                autonomous()
 *fill*         0x03800974        0x4 
 .text._Z11usercontrolv
                0x03800978      0x260 build/src/main.o
                0x03800978                usercontrol()
 .text.main     0x03800bd8       0x68 build/src/main.o
                0x03800bd8                main
 .text._GLOBAL__sub_I_main.cpp
                0x03800c40      0x1ac build/src/main.o
 .text._Z17default_constantsv
                0x03800dec      0x104 build/src/autons.o
                0x03800dec                default_constants()
 .text._Z14odom_pos_trackv
                0x03800ef0       0xb0 build/src/autons.o
                0x03800ef0                odom_pos_track()
 .text._Z11blue_intakev
                0x03800fa0      0x178 build/src/autons.o
                0x03800fa0                blue_intake()
 .text._Z10red_intakev
                0x03801118      0x180 build/src/autons.o
                0x03801118                red_intake()
 .text._Z10filter_redv
                0x03801298       0x30 build/src/autons.o
                0x03801298                filter_red()
 .text._Z11filter_bluev
                0x038012c8       0x30 build/src/autons.o
                0x038012c8                filter_blue()
 .text._Z10initializev
                0x038012f8       0x80 build/src/autons.o
                0x038012f8                initialize()
 .text._Z13blue_negativev
                0x03801378      0x750 build/src/autons.o
                0x03801378                blue_negative()
 .text._Z12red_negativev
                0x03801ac8      0x6b0 build/src/autons.o
                0x03801ac8                red_negative()
 .text._Z13blue_solo_awpv
                0x03802178      0x658 build/src/autons.o
                0x03802178                blue_solo_awp()
 .text._Z13blue_positivev
                0x038027d0      0x4e8 build/src/autons.o
                0x038027d0                blue_positive()
 .text._Z12red_positivev
                0x03802cb8      0x5a0 build/src/autons.o
                0x03802cb8                red_positive()
 .text._Z14tank_odom_testv
                0x03803258       0xa0 build/src/autons.o
                0x03803258                tank_odom_test()
 .text._Z19holonomic_odom_testv
                0x038032f8       0xc0 build/src/autons.o
                0x038032f8                holonomic_odom_test()
 .text._GLOBAL__sub_I_autons.cpp
                0x038033b8       0xc8 build/src/autons.o
 .text._Z17ladybrown_controlv
                0x03803480      0x1e0 build/src/wallstakes.o
                0x03803480                ladybrown_control()
 .text._Z14ladybrown_mechv
                0x03803660      0x274 build/src/wallstakes.o
                0x03803660                ladybrown_mech()
 *fill*         0x038038d4        0x4 
 .text._Z10drive_codev
                0x038038d8      0x1b0 build/src/drive.o
                0x038038d8                drive_code()
 .text._GLOBAL__sub_I_drive.cpp
                0x03803a88       0x8c build/src/drive.o
 .text._Z16pull_coords_datav
                0x03803b14       0x9c build/src/data_collect.o
                0x03803b14                pull_coords_data()
 .text._Z11vexcodeInitv
                0x03803bb0        0x4 build/src/robot-config.o
                0x03803bb0                vexcodeInit()
 .text._GLOBAL__sub_I_robot_config.cpp
                0x03803bb4      0x35c build/src/robot-config.o
 .text._Z14pull_temp_datav
                0x03803f10      0x15c build/src/print.o
                0x03803f10                pull_temp_data()
 .text._Z14print_to_brainv
                0x0380406c      0x1c0 build/src/print.o
                0x0380406c                print_to_brain()
 *fill*         0x0380422c        0x4 
 .text._Z14intake_controlv
                0x03804230      0x1a8 build/src/intake.o
                0x03804230                intake_control()
 .text._Z15reduce_0_to_360f
                0x038043d8       0x7c build/src/JAR-Template/util.o
                0x038043d8                reduce_0_to_360(float)
 .text._Z26reduce_negative_180_to_180f
                0x03804454       0x90 build/src/JAR-Template/util.o
                0x03804454                reduce_negative_180_to_180(float)
 .text._Z24reduce_negative_90_to_90f
                0x038044e4       0x90 build/src/JAR-Template/util.o
                0x038044e4                reduce_negative_90_to_90(float)
 *fill*         0x03804574        0x4 
 .text._Z6to_radf
                0x03804578       0x28 build/src/JAR-Template/util.o
                0x03804578                to_rad(float)
 .text._Z6to_degf
                0x038045a0       0x28 build/src/JAR-Template/util.o
                0x038045a0                to_deg(float)
 .text._Z5clampfff
                0x038045c8       0x2c build/src/JAR-Template/util.o
                0x038045c8                clamp(float, float, float)
 .text._Z11is_reversedd
                0x038045f4       0x18 build/src/JAR-Template/util.o
                0x038045f4                is_reversed(double)
 .text._Z7to_porti
                0x0380460c       0x10 build/src/JAR-Template/util.o
                0x0380460c                to_port(int)
 *fill*         0x0380461c        0x4 
 .text._Z15is_line_settledfffff
                0x03804620       0xa8 build/src/JAR-Template/util.o
                0x03804620                is_line_settled(float, float, float, float, float)
 .text._Z20left_voltage_scalingff
                0x038046c8       0x48 build/src/JAR-Template/util.o
                0x038046c8                left_voltage_scaling(float, float)
 .text._Z21right_voltage_scalingff
                0x03804710       0x48 build/src/JAR-Template/util.o
                0x03804710                right_voltage_scaling(float, float)
 .text._Z17clamp_min_voltageff
                0x03804758       0x4c build/src/JAR-Template/util.o
                0x03804758                clamp_min_voltage(float, float)
 .text._ZN4Odom22set_physical_distancesEff
                0x038047a4        0x8 build/src/JAR-Template/odom.o
                0x038047a4                Odom::set_physical_distances(float, float)
 .text._ZN4Odom12set_positionEfffff
                0x038047ac       0x1c build/src/JAR-Template/odom.o
                0x038047ac                Odom::set_position(float, float, float, float, float)
 .text._ZN4Odom15update_positionEfff
                0x038047c8      0x1a4 build/src/JAR-Template/odom.o
                0x038047c8                Odom::update_position(float, float, float)
 *fill*         0x0380496c        0x4 
 .text._ZN5DriveC2E11drive_setupN3vex11motor_groupES2_ifffiiiiiffiff
                0x03804970      0x268 build/src/JAR-Template/drive.o
                0x03804970                Drive::Drive(drive_setup, vex::motor_group, vex::motor_group, int, float, float, float, int, int, int, int, int, float, float, int, float, float)
                0x03804970                Drive::Drive(drive_setup, vex::motor_group, vex::motor_group, int, float, float, float, int, int, int, int, int, float, float, int, float, float)
 .text._ZN5Drive18drive_with_voltageEff
                0x03804bd8       0x6c build/src/JAR-Template/drive.o
                0x03804bd8                Drive::drive_with_voltage(float, float)
 .text._ZN5Drive18set_turn_constantsEfffff
                0x03804c44       0x1c build/src/JAR-Template/drive.o
                0x03804c44                Drive::set_turn_constants(float, float, float, float, float)
 .text._ZN5Drive19set_drive_constantsEfffff
                0x03804c60       0x1c build/src/JAR-Template/drive.o
                0x03804c60                Drive::set_drive_constants(float, float, float, float, float)
 .text._ZN5Drive21set_heading_constantsEfffff
                0x03804c7c       0x1c build/src/JAR-Template/drive.o
                0x03804c7c                Drive::set_heading_constants(float, float, float, float, float)
 .text._ZN5Drive19set_swing_constantsEfffff
                0x03804c98       0x1c build/src/JAR-Template/drive.o
                0x03804c98                Drive::set_swing_constants(float, float, float, float, float)
 .text._ZN5Drive24set_turn_exit_conditionsEfff
                0x03804cb4        0xc build/src/JAR-Template/drive.o
                0x03804cb4                Drive::set_turn_exit_conditions(float, float, float)
 .text._ZN5Drive25set_drive_exit_conditionsEfff
                0x03804cc0        0xc build/src/JAR-Template/drive.o
                0x03804cc0                Drive::set_drive_exit_conditions(float, float, float)
 .text._ZN5Drive25set_swing_exit_conditionsEfff
                0x03804ccc        0xc build/src/JAR-Template/drive.o
                0x03804ccc                Drive::set_swing_exit_conditions(float, float, float)
 .text._ZN5Drive20get_absolute_headingEv
                0x03804cd8       0x28 build/src/JAR-Template/drive.o
                0x03804cd8                Drive::get_absolute_heading()
 .text._ZN5Drive13turn_to_angleEf
                0x03804d00       0x50 build/src/JAR-Template/drive.o
                0x03804d00                Drive::turn_to_angle(float)
 .text._ZN5Drive13turn_to_angleEfffffffff
                0x03804d50      0x170 build/src/JAR-Template/drive.o
                0x03804d50                Drive::turn_to_angle(float, float, float, float, float, float, float, float, float)
 .text._ZN5Drive13turn_to_angleEfffff
                0x03804ec0       0x48 build/src/JAR-Template/drive.o
                0x03804ec0                Drive::turn_to_angle(float, float, float, float, float)
 .text._ZN5Drive14drive_distanceEfffffffffffffff
                0x03804f08      0x294 build/src/JAR-Template/drive.o
                0x03804f08                Drive::drive_distance(float, float, float, float, float, float, float, float, float, float, float, float, float, float, float)
 .text._ZN5Drive14drive_distanceEffff
                0x0380519c       0x74 build/src/JAR-Template/drive.o
                0x0380519c                Drive::drive_distance(float, float, float, float)
 .text._ZN5Drive14drive_distanceEfffffff
                0x03805210       0x78 build/src/JAR-Template/drive.o
                0x03805210                Drive::drive_distance(float, float, float, float, float, float, float)
 .text._ZN5Drive19left_swing_to_angleEf
                0x03805288       0x4c build/src/JAR-Template/drive.o
                0x03805288                Drive::left_swing_to_angle(float)
 .text._ZN5Drive19left_swing_to_angleEfffffffff
                0x038052d4      0x15c build/src/JAR-Template/drive.o
                0x038052d4                Drive::left_swing_to_angle(float, float, float, float, float, float, float, float, float)
 .text._ZN5Drive20right_swing_to_angleEfffffffff
                0x03805430      0x15c build/src/JAR-Template/drive.o
                0x03805430                Drive::right_swing_to_angle(float, float, float, float, float, float, float, float, float)
 .text._ZN5Drive27get_ForwardTracker_positionEv
                0x0380558c       0xa0 build/src/JAR-Template/drive.o
                0x0380558c                Drive::get_ForwardTracker_position()
 .text._ZN5Drive28get_SidewaysTracker_positionEv
                0x0380562c       0x88 build/src/JAR-Template/drive.o
                0x0380562c                Drive::get_SidewaysTracker_position()
 .text._ZN5Drive14position_trackEv
                0x038056b4       0x68 build/src/JAR-Template/drive.o
                0x038056b4                Drive::position_track()
 .text._ZN5Drive15set_coordinatesEfff
                0x0380571c       0xa0 build/src/JAR-Template/drive.o
                0x0380571c                Drive::set_coordinates(float, float, float)
 .text._ZN5Drive19position_track_taskEv
                0x038057bc       0x14 build/src/JAR-Template/drive.o
                0x038057bc                Drive::position_track_task()
 .text._ZN5Drive14get_X_positionEv
                0x038057d0        0x8 build/src/JAR-Template/drive.o
                0x038057d0                Drive::get_X_position()
 .text._ZN5Drive14get_Y_positionEv
                0x038057d8        0x8 build/src/JAR-Template/drive.o
                0x038057d8                Drive::get_Y_position()
 .text._ZN5Drive14drive_to_pointEff
                0x038057e0       0x80 build/src/JAR-Template/drive.o
                0x038057e0                Drive::drive_to_point(float, float)
 .text._ZN5Drive14drive_to_pointEffffffffffffffff
                0x03805860      0x38c build/src/JAR-Template/drive.o
                0x03805860                Drive::drive_to_point(float, float, float, float, float, float, float, float, float, float, float, float, float, float, float, float)
 .text._ZN5Drive13drive_to_poseEfff
                0x03805bec       0x98 build/src/JAR-Template/drive.o
                0x03805bec                Drive::drive_to_pose(float, float, float)
 .text._ZN5Drive13drive_to_poseEfffffffffffffffffff
                0x03805c84      0x4f4 build/src/JAR-Template/drive.o
                0x03805c84                Drive::drive_to_pose(float, float, float, float, float, float, float, float, float, float, float, float, float, float, float, float, float, float, float)
 .text._ZN5Drive13drive_to_poseEffffff
                0x03806178       0x98 build/src/JAR-Template/drive.o
                0x03806178                Drive::drive_to_pose(float, float, float, float, float, float)
 .text._ZN5Drive13drive_to_poseEffffffff
                0x03806210       0x98 build/src/JAR-Template/drive.o
                0x03806210                Drive::drive_to_pose(float, float, float, float, float, float, float, float)
 .text._ZN5Drive13turn_to_pointEff
                0x038062a8       0x5c build/src/JAR-Template/drive.o
                0x038062a8                Drive::turn_to_point(float, float)
 .text._ZN5Drive13turn_to_pointEfffffffffff
                0x03806304      0x1a4 build/src/JAR-Template/drive.o
                0x03806304                Drive::turn_to_point(float, float, float, float, float, float, float, float, float, float, float)
 .text._ZN5Drive23holonomic_drive_to_poseEffffffffffffffff
                0x038064a8      0x420 build/src/JAR-Template/drive.o
                0x038064a8                Drive::holonomic_drive_to_pose(float, float, float, float, float, float, float, float, float, float, float, float, float, float, float, float)
 .text._ZN5Drive23holonomic_drive_to_poseEfff
                0x038068c8       0x7c build/src/JAR-Template/drive.o
                0x038068c8                Drive::holonomic_drive_to_pose(float, float, float)
 .text._ZN3PIDC2Efffff
                0x03806944       0x38 build/src/JAR-Template/PID.o
                0x03806944                PID::PID(float, float, float, float, float)
                0x03806944                PID::PID(float, float, float, float, float)
 .text._ZN3PIDC2Effffffff
                0x0380697c       0x50 build/src/JAR-Template/PID.o
                0x0380697c                PID::PID(float, float, float, float, float, float, float, float)
                0x0380697c                PID::PID(float, float, float, float, float, float, float, float)
 .text._ZN3PID7computeEf
                0x038069cc       0xd0 build/src/JAR-Template/PID.o
                0x038069cc                PID::compute(float)
 .text._ZN3PID10is_settledEv
                0x03806a9c       0x44 build/src/JAR-Template/PID.o
                0x03806a9c                PID::is_settled()
 .text.vexMain  0x03806ae0       0xb0 C:\Program Files (x86)\VEX Robotics\VEXcode Pro V5\sdk/vexv5\libv5rt.a(v5_startup.c.obj)
                0x03806ae0                vexMain
 .text.__vex_function_prolog
                0x03806b90       0x18 C:\Program Files (x86)\VEX Robotics\VEXcode Pro V5\sdk/vexv5\libv5rt.a(v5_startup.c.obj)
                0x03806b90                __vex_function_prolog
 .text._init    0x03806ba8        0x4 C:\Program Files (x86)\VEX Robotics\VEXcode Pro V5\sdk/vexv5\libv5rt.a(v5_startup.c.obj)
                0x03806ba8                _init
 .text._fini    0x03806bac        0x4 C:\Program Files (x86)\VEX Robotics\VEXcode Pro V5\sdk/vexv5\libv5rt.a(v5_startup.c.obj)
                0x03806bac                _fini
 .text.vexStdlibVersionLinked
                0x03806bb0        0xc C:\Program Files (x86)\VEX Robotics\VEXcode Pro V5\sdk/vexv5\libv5rt.a(v5_util.c.obj)
                0x03806bb0                vexStdlibVersionLinked
 .text.vexStdlibVersionVerify
                0x03806bbc       0x30 C:\Program Files (x86)\VEX Robotics\VEXcode Pro V5\sdk/vexv5\libv5rt.a(v5_util.c.obj)
                0x03806bbc                vexStdlibVersionVerify
 .text.vexPrivateApiEnable
                0x03806bec       0x10 C:\Program Files (x86)\VEX Robotics\VEXcode Pro V5\sdk/vexv5\libv5rt.a(v5_apijump.c.obj)
                0x03806bec                vexPrivateApiEnable
 .text.vexStdlibMismatchError
                0x03806bfc       0x3c C:\Program Files (x86)\VEX Robotics\VEXcode Pro V5\sdk/vexv5\libv5rt.a(v5_apijump.c.obj)
                0x03806bfc                vexStdlibMismatchError
 .text.vexTaskAdd
                0x03806c38       0x10 C:\Program Files (x86)\VEX Robotics\VEXcode Pro V5\sdk/vexv5\libv5rt.a(v5_apijump.c.obj)
                0x03806c38                vexTaskAdd
 .text.vexTasksRun
                0x03806c48       0x10 C:\Program Files (x86)\VEX Robotics\VEXcode Pro V5\sdk/vexv5\libv5rt.a(v5_apijump.c.obj)
                0x03806c48                vexTasksRun
 .text.vexTaskYield
                0x03806c58       0x10 C:\Program Files (x86)\VEX Robotics\VEXcode Pro V5\sdk/vexv5\libv5rt.a(v5_apijump.c.obj)
                0x03806c58                vexTaskYield
 .text.vexTaskCheckTimeslice
                0x03806c68       0x10 C:\Program Files (x86)\VEX Robotics\VEXcode Pro V5\sdk/vexv5\libv5rt.a(v5_apijump.c.obj)
                0x03806c68                vexTaskCheckTimeslice
 .text.vexTaskGetIndex
                0x03806c78       0x10 C:\Program Files (x86)\VEX Robotics\VEXcode Pro V5\sdk/vexv5\libv5rt.a(v5_apijump.c.obj)
                0x03806c78                vexTaskGetIndex
 .text.vexTaskSleep
                0x03806c88       0x10 C:\Program Files (x86)\VEX Robotics\VEXcode Pro V5\sdk/vexv5\libv5rt.a(v5_apijump.c.obj)
                0x03806c88                vexTaskSleep
 .text.vexTasksDump
                0x03806c98       0x1c C:\Program Files (x86)\VEX Robotics\VEXcode Pro V5\sdk/vexv5\libv5rt.a(v5_apijump.c.obj)
                0x03806c98                vexTasksDump
 .text.vexTaskGetTaskIndex
                0x03806cb4       0x10 C:\Program Files (x86)\VEX Robotics\VEXcode Pro V5\sdk/vexv5\libv5rt.a(v5_apijump.c.obj)
                0x03806cb4                vexTaskGetTaskIndex
 .text.vexTaskStopAll
                0x03806cc4       0x10 C:\Program Files (x86)\VEX Robotics\VEXcode Pro V5\sdk/vexv5\libv5rt.a(v5_apijump.c.obj)
                0x03806cc4                vexTaskStopAll
 .text.vexTaskRemoveAllUser
                0x03806cd4       0x34 C:\Program Files (x86)\VEX Robotics\VEXcode Pro V5\sdk/vexv5\libv5rt.a(v5_apijump.c.obj)
                0x03806cd4                vexTaskRemoveAllUser
 .text.vexTaskCompletionIdSet
                0x03806d08       0x10 C:\Program Files (x86)\VEX Robotics\VEXcode Pro V5\sdk/vexv5\libv5rt.a(v5_apijump.c.obj)
                0x03806d08                vexTaskCompletionIdSet
 .text.vexTaskStopWithId
                0x03806d18       0x10 C:\Program Files (x86)\VEX Robotics\VEXcode Pro V5\sdk/vexv5\libv5rt.a(v5_apijump.c.obj)
                0x03806d18                vexTaskStopWithId
 .text.vexTaskGetCallbackAndId
                0x03806d28       0x54 C:\Program Files (x86)\VEX Robotics\VEXcode Pro V5\sdk/vexv5\libv5rt.a(v5_apijump.c.obj)
                0x03806d28                vexTaskGetCallbackAndId
 .text.vexCriticalSection
                0x03806d7c       0x2c C:\Program Files (x86)\VEX Robotics\VEXcode Pro V5\sdk/vexv5\libv5rt.a(v5_apijump.c.obj)
                0x03806d7c                vexCriticalSection
 .text.vexEventAdd
                0x03806da8       0x34 C:\Program Files (x86)\VEX Robotics\VEXcode Pro V5\sdk/vexv5\libv5rt.a(v5_apijump.c.obj)
                0x03806da8                vexEventAdd
 .text.vexEventUserIndexGet
                0x03806ddc       0x1c C:\Program Files (x86)\VEX Robotics\VEXcode Pro V5\sdk/vexv5\libv5rt.a(v5_apijump.c.obj)
                0x03806ddc                vexEventUserIndexGet
 .text.vexEventAddWithArg
                0x03806df8       0x3c C:\Program Files (x86)\VEX Robotics\VEXcode Pro V5\sdk/vexv5\libv5rt.a(v5_apijump.c.obj)
                0x03806df8                vexEventAddWithArg
 .text.vexEventsCleanup
                0x03806e34       0x2c C:\Program Files (x86)\VEX Robotics\VEXcode Pro V5\sdk/vexv5\libv5rt.a(v5_apijump.c.obj)
                0x03806e34                vexEventsCleanup
 .text.vexDebug
                0x03806e60       0x38 C:\Program Files (x86)\VEX Robotics\VEXcode Pro V5\sdk/vexv5\libv5rt.a(v5_apijump.c.obj)
                0x03806e60                vexDebug
 .text.vex_sprintf
                0x03806e98       0x40 C:\Program Files (x86)\VEX Robotics\VEXcode Pro V5\sdk/vexv5\libv5rt.a(v5_apijump.c.obj)
                0x03806e98                vex_sprintf
 .text.vexSystemTimeGet
                0x03806ed8       0x1c C:\Program Files (x86)\VEX Robotics\VEXcode Pro V5\sdk/vexv5\libv5rt.a(v5_apijump.c.obj)
                0x03806ed8                vexSystemTimeGet
 .text.vexSystemExitRequest
                0x03806ef4       0x1c C:\Program Files (x86)\VEX Robotics\VEXcode Pro V5\sdk/vexv5\libv5rt.a(v5_apijump.c.obj)
                0x03806ef4                vexSystemExitRequest
 .text.vexDeviceGetByIndex
                0x03806f10       0x24 C:\Program Files (x86)\VEX Robotics\VEXcode Pro V5\sdk/vexv5\libv5rt.a(v5_apijump.c.obj)
                0x03806f10                vexDeviceGetByIndex
 .text.vexControllerGet
                0x03806f34       0x2c C:\Program Files (x86)\VEX Robotics\VEXcode Pro V5\sdk/vexv5\libv5rt.a(v5_apijump.c.obj)
                0x03806f34                vexControllerGet
 .text.vexControllerTextSet
                0x03806f60       0x74 C:\Program Files (x86)\VEX Robotics\VEXcode Pro V5\sdk/vexv5\libv5rt.a(v5_apijump.c.obj)
                0x03806f60                vexControllerTextSet
 .text.vexDeviceAdiPortConfigSet
                0x03806fd4       0x34 C:\Program Files (x86)\VEX Robotics\VEXcode Pro V5\sdk/vexv5\libv5rt.a(v5_apijump.c.obj)
                0x03806fd4                vexDeviceAdiPortConfigSet
 .text.vexDeviceAdiPortConfigGet
                0x03807008       0x2c C:\Program Files (x86)\VEX Robotics\VEXcode Pro V5\sdk/vexv5\libv5rt.a(v5_apijump.c.obj)
                0x03807008                vexDeviceAdiPortConfigGet
 .text.vexDeviceAdiValueSet
                0x03807034       0x34 C:\Program Files (x86)\VEX Robotics\VEXcode Pro V5\sdk/vexv5\libv5rt.a(v5_apijump.c.obj)
                0x03807034                vexDeviceAdiValueSet
 .text.vexDeviceAdiValueGet
                0x03807068       0x2c C:\Program Files (x86)\VEX Robotics\VEXcode Pro V5\sdk/vexv5\libv5rt.a(v5_apijump.c.obj)
                0x03807068                vexDeviceAdiValueGet
 .text.vexDeviceMotorVelocitySet
                0x03807094       0x2c C:\Program Files (x86)\VEX Robotics\VEXcode Pro V5\sdk/vexv5\libv5rt.a(v5_apijump.c.obj)
                0x03807094                vexDeviceMotorVelocitySet
 .text.vexDeviceMotorVoltageSet
                0x038070c0       0x2c C:\Program Files (x86)\VEX Robotics\VEXcode Pro V5\sdk/vexv5\libv5rt.a(v5_apijump.c.obj)
                0x038070c0                vexDeviceMotorVoltageSet
 .text.vexDeviceMotorVelocityGet
                0x038070ec       0x24 C:\Program Files (x86)\VEX Robotics\VEXcode Pro V5\sdk/vexv5\libv5rt.a(v5_apijump.c.obj)
                0x038070ec                vexDeviceMotorVelocityGet
 .text.vexDeviceMotorActualVelocityGet
                0x03807110       0x24 C:\Program Files (x86)\VEX Robotics\VEXcode Pro V5\sdk/vexv5\libv5rt.a(v5_apijump.c.obj)
                0x03807110                vexDeviceMotorActualVelocityGet
 .text.vexDeviceMotorModeGet
                0x03807134       0x24 C:\Program Files (x86)\VEX Robotics\VEXcode Pro V5\sdk/vexv5\libv5rt.a(v5_apijump.c.obj)
                0x03807134                vexDeviceMotorModeGet
 .text.vexDeviceMotorCurrentLimitSet
                0x03807158       0x2c C:\Program Files (x86)\VEX Robotics\VEXcode Pro V5\sdk/vexv5\libv5rt.a(v5_apijump.c.obj)
                0x03807158                vexDeviceMotorCurrentLimitSet
 .text.vexDeviceMotorTemperatureGet
                0x03807184       0x24 C:\Program Files (x86)\VEX Robotics\VEXcode Pro V5\sdk/vexv5\libv5rt.a(v5_apijump.c.obj)
                0x03807184                vexDeviceMotorTemperatureGet
 .text.vexDeviceMotorZeroPositionFlagGet
                0x038071a8       0x24 C:\Program Files (x86)\VEX Robotics\VEXcode Pro V5\sdk/vexv5\libv5rt.a(v5_apijump.c.obj)
                0x038071a8                vexDeviceMotorZeroPositionFlagGet
 .text.vexDeviceMotorReverseFlagSet
                0x038071cc       0x2c C:\Program Files (x86)\VEX Robotics\VEXcode Pro V5\sdk/vexv5\libv5rt.a(v5_apijump.c.obj)
                0x038071cc                vexDeviceMotorReverseFlagSet
 .text.vexDeviceMotorEncoderUnitsSet
                0x038071f8       0x2c C:\Program Files (x86)\VEX Robotics\VEXcode Pro V5\sdk/vexv5\libv5rt.a(v5_apijump.c.obj)
                0x038071f8                vexDeviceMotorEncoderUnitsSet
 .text.vexDeviceMotorBrakeModeSet
                0x03807224       0x2c C:\Program Files (x86)\VEX Robotics\VEXcode Pro V5\sdk/vexv5\libv5rt.a(v5_apijump.c.obj)
                0x03807224                vexDeviceMotorBrakeModeSet
 .text.vexDeviceMotorPositionSet
                0x03807250       0x34 C:\Program Files (x86)\VEX Robotics\VEXcode Pro V5\sdk/vexv5\libv5rt.a(v5_apijump.c.obj)
                0x03807250                vexDeviceMotorPositionSet
 .text.vexDeviceMotorPositionGet
                0x03807284       0x24 C:\Program Files (x86)\VEX Robotics\VEXcode Pro V5\sdk/vexv5\libv5rt.a(v5_apijump.c.obj)
                0x03807284                vexDeviceMotorPositionGet
 .text.vexDeviceMotorRelativeTargetSet
                0x038072a8       0x3c C:\Program Files (x86)\VEX Robotics\VEXcode Pro V5\sdk/vexv5\libv5rt.a(v5_apijump.c.obj)
                0x038072a8                vexDeviceMotorRelativeTargetSet
 .text.vexDeviceMotorGearingSet
                0x038072e4       0x2c C:\Program Files (x86)\VEX Robotics\VEXcode Pro V5\sdk/vexv5\libv5rt.a(v5_apijump.c.obj)
                0x038072e4                vexDeviceMotorGearingSet
 .text.vexDeviceMotorGearingGet
                0x03807310       0x24 C:\Program Files (x86)\VEX Robotics\VEXcode Pro V5\sdk/vexv5\libv5rt.a(v5_apijump.c.obj)
                0x03807310                vexDeviceMotorGearingGet
 .text.vexDeviceImuReset
                0x03807334       0x24 C:\Program Files (x86)\VEX Robotics\VEXcode Pro V5\sdk/vexv5\libv5rt.a(v5_apijump.c.obj)
                0x03807334                vexDeviceImuReset
 .text.vexDeviceImuHeadingGet
                0x03807358       0x24 C:\Program Files (x86)\VEX Robotics\VEXcode Pro V5\sdk/vexv5\libv5rt.a(v5_apijump.c.obj)
                0x03807358                vexDeviceImuHeadingGet
 .text.vexDeviceImuDegreesGet
                0x0380737c       0x24 C:\Program Files (x86)\VEX Robotics\VEXcode Pro V5\sdk/vexv5\libv5rt.a(v5_apijump.c.obj)
                0x0380737c                vexDeviceImuDegreesGet
 .text.vexDeviceImuStatusGet
                0x038073a0       0x24 C:\Program Files (x86)\VEX Robotics\VEXcode Pro V5\sdk/vexv5\libv5rt.a(v5_apijump.c.obj)
                0x038073a0                vexDeviceImuStatusGet
 .text.vexDeviceAbsEncPositionSet
                0x038073c4       0x2c C:\Program Files (x86)\VEX Robotics\VEXcode Pro V5\sdk/vexv5\libv5rt.a(v5_apijump.c.obj)
                0x038073c4                vexDeviceAbsEncPositionSet
 .text.vexDeviceAbsEncPositionGet
                0x038073f0       0x24 C:\Program Files (x86)\VEX Robotics\VEXcode Pro V5\sdk/vexv5\libv5rt.a(v5_apijump.c.obj)
                0x038073f0                vexDeviceAbsEncPositionGet
 .text.vexDeviceAbsEncAngleGet
                0x03807414       0x24 C:\Program Files (x86)\VEX Robotics\VEXcode Pro V5\sdk/vexv5\libv5rt.a(v5_apijump.c.obj)
                0x03807414                vexDeviceAbsEncAngleGet
 .text.vexDeviceAbsEncReverseFlagSet
                0x03807438       0x2c C:\Program Files (x86)\VEX Robotics\VEXcode Pro V5\sdk/vexv5\libv5rt.a(v5_apijump.c.obj)
                0x03807438                vexDeviceAbsEncReverseFlagSet
 .text.vexDeviceOpticalHueGet
                0x03807464       0x24 C:\Program Files (x86)\VEX Robotics\VEXcode Pro V5\sdk/vexv5\libv5rt.a(v5_apijump.c.obj)
                0x03807464                vexDeviceOpticalHueGet
 .text.vexDeviceOpticalProximityGet
                0x03807488       0x24 C:\Program Files (x86)\VEX Robotics\VEXcode Pro V5\sdk/vexv5\libv5rt.a(v5_apijump.c.obj)
                0x03807488                vexDeviceOpticalProximityGet
 .text.vexDeviceOpticalLedPwmSet
                0x038074ac       0x2c C:\Program Files (x86)\VEX Robotics\VEXcode Pro V5\sdk/vexv5\libv5rt.a(v5_apijump.c.obj)
                0x038074ac                vexDeviceOpticalLedPwmSet
 .text.vexDeviceOpticalGestureEnable
                0x038074d8       0x24 C:\Program Files (x86)\VEX Robotics\VEXcode Pro V5\sdk/vexv5\libv5rt.a(v5_apijump.c.obj)
                0x038074d8                vexDeviceOpticalGestureEnable
 .text.vexDeviceOpticalGestureDisable
                0x038074fc       0x24 C:\Program Files (x86)\VEX Robotics\VEXcode Pro V5\sdk/vexv5\libv5rt.a(v5_apijump.c.obj)
                0x038074fc                vexDeviceOpticalGestureDisable
 .text.vexDeviceOpticalProximityThreshold
                0x03807520       0x2c C:\Program Files (x86)\VEX Robotics\VEXcode Pro V5\sdk/vexv5\libv5rt.a(v5_apijump.c.obj)
                0x03807520                vexDeviceOpticalProximityThreshold
 .text.vexDisplayForegroundColor
                0x0380754c       0x24 C:\Program Files (x86)\VEX Robotics\VEXcode Pro V5\sdk/vexv5\libv5rt.a(v5_apijump.c.obj)
                0x0380754c                vexDisplayForegroundColor
 .text.vexDisplayBackgroundColor
                0x03807570       0x24 C:\Program Files (x86)\VEX Robotics\VEXcode Pro V5\sdk/vexv5\libv5rt.a(v5_apijump.c.obj)
                0x03807570                vexDisplayBackgroundColor
 .text.vexDisplayBackgroundColorGet
                0x03807594       0x1c C:\Program Files (x86)\VEX Robotics\VEXcode Pro V5\sdk/vexv5\libv5rt.a(v5_apijump.c.obj)
                0x03807594                vexDisplayBackgroundColorGet
 .text.vexDisplayRectClear
                0x038075b0       0x4c C:\Program Files (x86)\VEX Robotics\VEXcode Pro V5\sdk/vexv5\libv5rt.a(v5_apijump.c.obj)
                0x038075b0                vexDisplayRectClear
 .text.vexDisplayVPrintf
                0x038075fc       0x50 C:\Program Files (x86)\VEX Robotics\VEXcode Pro V5\sdk/vexv5\libv5rt.a(v5_apijump.c.obj)
                0x038075fc                vexDisplayVPrintf
 .text.vexDisplayTextReference
                0x0380764c       0x24 C:\Program Files (x86)\VEX Robotics\VEXcode Pro V5\sdk/vexv5\libv5rt.a(v5_apijump.c.obj)
                0x0380764c                vexDisplayTextReference
 .text.vexDisplayTextSize
                0x03807670       0x2c C:\Program Files (x86)\VEX Robotics\VEXcode Pro V5\sdk/vexv5\libv5rt.a(v5_apijump.c.obj)
                0x03807670                vexDisplayTextSize
 .text.vexDisplayFontNamedSet
                0x0380769c       0x24 C:\Program Files (x86)\VEX Robotics\VEXcode Pro V5\sdk/vexv5\libv5rt.a(v5_apijump.c.obj)
                0x0380769c                vexDisplayFontNamedSet
 .text.vexSystemStdlibImpureDataAddr
                0x038076c0       0x28 C:\Program Files (x86)\VEX Robotics\VEXcode Pro V5\sdk/vexv5\libv5rt.a(v5_apijump.c.obj)
                0x038076c0                vexSystemStdlibImpureDataAddr
 .text.vexSystemStdlibImpureDataSize
                0x038076e8       0x28 C:\Program Files (x86)\VEX Robotics\VEXcode Pro V5\sdk/vexv5\libv5rt.a(v5_apijump.c.obj)
                0x038076e8                vexSystemStdlibImpureDataSize
 .text.vexSystemSaveUserData
                0x03807710       0x3c C:\Program Files (x86)\VEX Robotics\VEXcode Pro V5\sdk/vexv5\libv5rt.a(v5_apijump.c.obj)
                0x03807710                vexSystemSaveUserData
 .text.vexTouchDataGet
                0x0380774c       0x10 C:\Program Files (x86)\VEX Robotics\VEXcode Pro V5\sdk/vexv5\libv5rt.a(v5_apijump.c.obj)
                0x0380774c                vexTouchDataGet
 .text.vexDisplayThemeIdGet
                0x0380775c       0x38 C:\Program Files (x86)\VEX Robotics\VEXcode Pro V5\sdk/vexv5\libv5rt.a(v5_apijump.c.obj)
                0x0380775c                vexDisplayThemeIdGet
 .text.vexDeviceEventMaskSet
                0x03807794       0x48 C:\Program Files (x86)\VEX Robotics\VEXcode Pro V5\sdk/vexv5\libv5rt.a(v5_apijump.c.obj)
                0x03807794                vexDeviceEventMaskSet
 .text.vexDeviceEventMaskGet
                0x038077dc       0x3c C:\Program Files (x86)\VEX Robotics\VEXcode Pro V5\sdk/vexv5\libv5rt.a(v5_apijump.c.obj)
                0x038077dc                vexDeviceEventMaskGet
 .text.vexSystemVersion
                0x03807818       0x10 C:\Program Files (x86)\VEX Robotics\VEXcode Pro V5\sdk/vexv5\libv5rt.a(v5_apiversions.c.obj)
                0x03807818                vexSystemVersion
 .text.vexStdlibVersion
                0x03807828       0x10 C:\Program Files (x86)\VEX Robotics\VEXcode Pro V5\sdk/vexv5\libv5rt.a(v5_apiversions.c.obj)
                0x03807828                vexStdlibVersion
 .text._ZN3vex4waitEdNS_9timeUnitsE
                0x03807838       0x30 C:\Program Files (x86)\VEX Robotics\VEXcode Pro V5\sdk/vexv5\libv5rt.a(vex_global.cpp.obj)
                0x03807838                vex::wait(double, vex::timeUnits)
 .text._ZN3vex5motorD2Ev
                0x03807868       0x20 C:\Program Files (x86)\VEX Robotics\VEXcode Pro V5\sdk/vexv5\libv5rt.a(vex_motor.cpp.obj)
                0x03807868                vex::motor::~motor()
                0x03807868                vex::motor::~motor()
 .text._ZN3vex5motorD0Ev
                0x03807888       0x1c C:\Program Files (x86)\VEX Robotics\VEXcode Pro V5\sdk/vexv5\libv5rt.a(vex_motor.cpp.obj)
                0x03807888                vex::motor::~motor()
 .text._ZN3vex5motor9installedEv
                0x038078a4       0x18 C:\Program Files (x86)\VEX Robotics\VEXcode Pro V5\sdk/vexv5\libv5rt.a(vex_motor.cpp.obj)
                0x038078a4                vex::motor::installed()
 .text._ZN3vex5motor15defaultStoppingENS_9brakeTypeE
                0x038078bc       0x30 C:\Program Files (x86)\VEX Robotics\VEXcode Pro V5\sdk/vexv5\libv5rt.a(vex_motor.cpp.obj)
                0x038078bc                vex::motor::defaultStopping(vex::brakeType)
 .text._ZN3vex5motor8setBrakeENS_9brakeTypeE
                0x038078ec        0x4 C:\Program Files (x86)\VEX Robotics\VEXcode Pro V5\sdk/vexv5\libv5rt.a(vex_motor.cpp.obj)
                0x038078ec                vex::motor::setBrake(vex::brakeType)
 .text._ZN3vex5motor11setStoppingENS_9brakeTypeE
                0x038078f0        0x4 C:\Program Files (x86)\VEX Robotics\VEXcode Pro V5\sdk/vexv5\libv5rt.a(vex_motor.cpp.obj)
                0x038078f0                vex::motor::setStopping(vex::brakeType)
 .text._ZN3vex5motorC2El
                0x038078f4       0x78 C:\Program Files (x86)\VEX Robotics\VEXcode Pro V5\sdk/vexv5\libv5rt.a(vex_motor.cpp.obj)
                0x038078f4                vex::motor::motor(long)
                0x038078f4                vex::motor::motor(long)
 .text._ZN3vex5motorC2ElNS_11gearSettingEb
                0x0380796c       0x34 C:\Program Files (x86)\VEX Robotics\VEXcode Pro V5\sdk/vexv5\libv5rt.a(vex_motor.cpp.obj)
                0x0380796c                vex::motor::motor(long, vex::gearSetting, bool)
                0x0380796c                vex::motor::motor(long, vex::gearSetting, bool)
 .text._ZN3vex5motorC2Elb
                0x038079a0       0x24 C:\Program Files (x86)\VEX Robotics\VEXcode Pro V5\sdk/vexv5\libv5rt.a(vex_motor.cpp.obj)
                0x038079a0                vex::motor::motor(long, bool)
                0x038079a0                vex::motor::motor(long, bool)
 *fill*         0x038079c4        0x4 
 .text._ZN3vex5motor4spinENS_13directionTypeEdNS_12voltageUnitsE
                0x038079c8       0x50 C:\Program Files (x86)\VEX Robotics\VEXcode Pro V5\sdk/vexv5\libv5rt.a(vex_motor.cpp.obj)
                0x038079c8                vex::motor::spin(vex::directionType, double, vex::voltageUnits)
 .text._ZN3vex5motor14isSpinningModeEv
                0x03807a18       0x48 C:\Program Files (x86)\VEX Robotics\VEXcode Pro V5\sdk/vexv5\libv5rt.a(vex_motor.cpp.obj)
                0x03807a18                vex::motor::isSpinningMode()
 .text._ZN3vex5motor10isSpinningEv
                0x03807a60       0x44 C:\Program Files (x86)\VEX Robotics\VEXcode Pro V5\sdk/vexv5\libv5rt.a(vex_motor.cpp.obj)
                0x03807a60                vex::motor::isSpinning()
 .text._ZN3vex5motor4stopENS_9brakeTypeE
                0x03807aa4       0x30 C:\Program Files (x86)\VEX Robotics\VEXcode Pro V5\sdk/vexv5\libv5rt.a(vex_motor.cpp.obj)
                0x03807aa4                vex::motor::stop(vex::brakeType)
 .text._ZN3vex5motor4stopEv
                0x03807ad4        0x8 C:\Program Files (x86)\VEX Robotics\VEXcode Pro V5\sdk/vexv5\libv5rt.a(vex_motor.cpp.obj)
                0x03807ad4                vex::motor::stop()
 *fill*         0x03807adc        0x4 
 .text._ZN3vex5motor12setMaxTorqueEdNS_12percentUnitsE
                0x03807ae0       0x88 C:\Program Files (x86)\VEX Robotics\VEXcode Pro V5\sdk/vexv5\libv5rt.a(vex_motor.cpp.obj)
                0x03807ae0                vex::motor::setMaxTorque(double, vex::percentUnits)
 .text._ZN3vex5motor11temperatureENS_16temperatureUnitsE
                0x03807b68       0x40 C:\Program Files (x86)\VEX Robotics\VEXcode Pro V5\sdk/vexv5\libv5rt.a(vex_motor.cpp.obj)
                0x03807b68                vex::motor::temperature(vex::temperatureUnits)
 .text._ZN3vex5motor16velocityToScaledEdNS_13velocityUnitsE
                0x03807ba8       0x5c C:\Program Files (x86)\VEX Robotics\VEXcode Pro V5\sdk/vexv5\libv5rt.a(vex_motor.cpp.obj)
                0x03807ba8                vex::motor::velocityToScaled(double, vex::velocityUnits)
 .text._ZN3vex5motor8velocityENS_13velocityUnitsE
                0x03807c04       0x30 C:\Program Files (x86)\VEX Robotics\VEXcode Pro V5\sdk/vexv5\libv5rt.a(vex_motor.cpp.obj)
                0x03807c04                vex::motor::velocity(vex::velocityUnits)
 .text._ZN3vex5motor5valueEv
                0x03807c34       0x1c C:\Program Files (x86)\VEX Robotics\VEXcode Pro V5\sdk/vexv5\libv5rt.a(vex_motor.cpp.obj)
                0x03807c34                vex::motor::value()
 .text._ZN3vex5motor16scaledToVelocityEdNS_13velocityUnitsE
                0x03807c50       0xa4 C:\Program Files (x86)\VEX Robotics\VEXcode Pro V5\sdk/vexv5\libv5rt.a(vex_motor.cpp.obj)
                0x03807c50                vex::motor::scaledToVelocity(double, vex::velocityUnits)
 .text._ZN3vex5motor4spinENS_13directionTypeEdNS_13velocityUnitsE
                0x03807cf4       0x5c C:\Program Files (x86)\VEX Robotics\VEXcode Pro V5\sdk/vexv5\libv5rt.a(vex_motor.cpp.obj)
                0x03807cf4                vex::motor::spin(vex::directionType, double, vex::velocityUnits)
 .text._ZN3vex5motor4spinENS_13directionTypeE
                0x03807d50       0x28 C:\Program Files (x86)\VEX Robotics\VEXcode Pro V5\sdk/vexv5\libv5rt.a(vex_motor.cpp.obj)
                0x03807d50                vex::motor::spin(vex::directionType)
 .text._ZN3vex5motor11setVelocityEdNS_13velocityUnitsE
                0x03807d78       0x54 C:\Program Files (x86)\VEX Robotics\VEXcode Pro V5\sdk/vexv5\libv5rt.a(vex_motor.cpp.obj)
                0x03807d78                vex::motor::setVelocity(double, vex::velocityUnits)
 .text._ZN3vex5motor16setRotationUnitsENS_13rotationUnitsE
                0x03807dcc       0x1c C:\Program Files (x86)\VEX Robotics\VEXcode Pro V5\sdk/vexv5\libv5rt.a(vex_motor.cpp.obj)
                0x03807dcc                vex::motor::setRotationUnits(vex::rotationUnits)
 .text._ZN3vex5motor7spinForEdNS_13rotationUnitsEdNS_13velocityUnitsEb
                0x03807de8       0xf4 C:\Program Files (x86)\VEX Robotics\VEXcode Pro V5\sdk/vexv5\libv5rt.a(vex_motor.cpp.obj)
                0x03807de8                vex::motor::spinFor(double, vex::rotationUnits, double, vex::velocityUnits, bool)
 .text._ZN3vex5motor7spinForEdNS_13rotationUnitsEb
                0x03807edc       0x34 C:\Program Files (x86)\VEX Robotics\VEXcode Pro V5\sdk/vexv5\libv5rt.a(vex_motor.cpp.obj)
                0x03807edc                vex::motor::spinFor(double, vex::rotationUnits, bool)
 .text._ZN3vex5motor7spinForENS_13directionTypeEdNS_13rotationUnitsEb
                0x03807f10       0x3c C:\Program Files (x86)\VEX Robotics\VEXcode Pro V5\sdk/vexv5\libv5rt.a(vex_motor.cpp.obj)
                0x03807f10                vex::motor::spinFor(vex::directionType, double, vex::rotationUnits, bool)
 .text._ZN3vex5motor8positionENS_13rotationUnitsE
                0x03807f4c       0x44 C:\Program Files (x86)\VEX Robotics\VEXcode Pro V5\sdk/vexv5\libv5rt.a(vex_motor.cpp.obj)
                0x03807f4c                vex::motor::position(vex::rotationUnits)
 .text._ZN3vex8inertial11getTurnTypeEv
                0x03807f90        0x8 C:\Program Files (x86)\VEX Robotics\VEXcode Pro V5\sdk/vexv5\libv5rt.a(vex_imu.cpp.obj)
                0x03807f90                vex::inertial::getTurnType()
 .text._ZThn16_N3vex8inertial11getTurnTypeEv
                0x03807f98        0x8 C:\Program Files (x86)\VEX Robotics\VEXcode Pro V5\sdk/vexv5\libv5rt.a(vex_imu.cpp.obj)
                0x03807f98                non-virtual thunk to vex::inertial::getTurnType()
 .text._ZN3vex8inertial10setHeadingEdNS_13rotationUnitsE
                0x03807fa0       0x58 C:\Program Files (x86)\VEX Robotics\VEXcode Pro V5\sdk/vexv5\libv5rt.a(vex_imu.cpp.obj)
                0x03807fa0                vex::inertial::setHeading(double, vex::rotationUnits)
 .text._ZThn16_N3vex8inertial10setHeadingEdNS_13rotationUnitsE
                0x03807ff8        0x8 C:\Program Files (x86)\VEX Robotics\VEXcode Pro V5\sdk/vexv5\libv5rt.a(vex_imu.cpp.obj)
                0x03807ff8                non-virtual thunk to vex::inertial::setHeading(double, vex::rotationUnits)
 .text._ZN3vex8inertial11setRotationEdNS_13rotationUnitsE
                0x03808000       0x58 C:\Program Files (x86)\VEX Robotics\VEXcode Pro V5\sdk/vexv5\libv5rt.a(vex_imu.cpp.obj)
                0x03808000                vex::inertial::setRotation(double, vex::rotationUnits)
 .text._ZThn16_N3vex8inertial11setRotationEdNS_13rotationUnitsE
                0x03808058        0x8 C:\Program Files (x86)\VEX Robotics\VEXcode Pro V5\sdk/vexv5\libv5rt.a(vex_imu.cpp.obj)
                0x03808058                non-virtual thunk to vex::inertial::setRotation(double, vex::rotationUnits)
 .text._ZN3vex8inertialD2Ev
                0x03808060       0x20 C:\Program Files (x86)\VEX Robotics\VEXcode Pro V5\sdk/vexv5\libv5rt.a(vex_imu.cpp.obj)
                0x03808060                vex::inertial::~inertial()
                0x03808060                vex::inertial::~inertial()
 .text._ZThn16_N3vex8inertialD1Ev
                0x03808080        0x8 C:\Program Files (x86)\VEX Robotics\VEXcode Pro V5\sdk/vexv5\libv5rt.a(vex_imu.cpp.obj)
                0x03808080                non-virtual thunk to vex::inertial::~inertial()
 .text._ZN3vex8inertialD0Ev
                0x03808088       0x1c C:\Program Files (x86)\VEX Robotics\VEXcode Pro V5\sdk/vexv5\libv5rt.a(vex_imu.cpp.obj)
                0x03808088                vex::inertial::~inertial()
 .text._ZThn16_N3vex8inertialD0Ev
                0x038080a4        0x8 C:\Program Files (x86)\VEX Robotics\VEXcode Pro V5\sdk/vexv5\libv5rt.a(vex_imu.cpp.obj)
                0x038080a4                non-virtual thunk to vex::inertial::~inertial()
 .text._ZN3vex8inertial9installedEv
                0x038080ac       0x18 C:\Program Files (x86)\VEX Robotics\VEXcode Pro V5\sdk/vexv5\libv5rt.a(vex_imu.cpp.obj)
                0x038080ac                vex::inertial::installed()
 .text._ZN3vex8inertial5angleENS_13rotationUnitsE
                0x038080c4       0x6c C:\Program Files (x86)\VEX Robotics\VEXcode Pro V5\sdk/vexv5\libv5rt.a(vex_imu.cpp.obj)
                0x038080c4                vex::inertial::angle(vex::rotationUnits)
 .text._ZThn16_N3vex8inertial5angleENS_13rotationUnitsE
                0x03808130        0x8 C:\Program Files (x86)\VEX Robotics\VEXcode Pro V5\sdk/vexv5\libv5rt.a(vex_imu.cpp.obj)
                0x03808130                non-virtual thunk to vex::inertial::angle(vex::rotationUnits)
 .text._ZN3vex8inertial7headingENS_13rotationUnitsE
                0x03808138        0x4 C:\Program Files (x86)\VEX Robotics\VEXcode Pro V5\sdk/vexv5\libv5rt.a(vex_imu.cpp.obj)
                0x03808138                vex::inertial::heading(vex::rotationUnits)
 .text._ZThn16_N3vex8inertial7headingENS_13rotationUnitsE
                0x0380813c        0x8 C:\Program Files (x86)\VEX Robotics\VEXcode Pro V5\sdk/vexv5\libv5rt.a(vex_imu.cpp.obj)
                0x0380813c                non-virtual thunk to vex::inertial::heading(vex::rotationUnits)
 .text._ZN3vex8inertial5valueEv
                0x03808144       0x1c C:\Program Files (x86)\VEX Robotics\VEXcode Pro V5\sdk/vexv5\libv5rt.a(vex_imu.cpp.obj)
                0x03808144                vex::inertial::value()
 .text._ZN3vex8inertial8rotationENS_13rotationUnitsE
                0x03808160       0x48 C:\Program Files (x86)\VEX Robotics\VEXcode Pro V5\sdk/vexv5\libv5rt.a(vex_imu.cpp.obj)
                0x03808160                vex::inertial::rotation(vex::rotationUnits)
 .text._ZThn16_N3vex8inertial8rotationENS_13rotationUnitsE
                0x038081a8        0x8 C:\Program Files (x86)\VEX Robotics\VEXcode Pro V5\sdk/vexv5\libv5rt.a(vex_imu.cpp.obj)
                0x038081a8                non-virtual thunk to vex::inertial::rotation(vex::rotationUnits)
 .text._ZN3vex8inertial13isCalibratingEv
                0x038081b0       0x38 C:\Program Files (x86)\VEX Robotics\VEXcode Pro V5\sdk/vexv5\libv5rt.a(vex_imu.cpp.obj)
                0x038081b0                vex::inertial::isCalibrating()
 .text._ZThn16_N3vex8inertial13isCalibratingEv
                0x038081e8        0x8 C:\Program Files (x86)\VEX Robotics\VEXcode Pro V5\sdk/vexv5\libv5rt.a(vex_imu.cpp.obj)
                0x038081e8                non-virtual thunk to vex::inertial::isCalibrating()
 .text._ZN3vex8inertialC2ElNS_8turnTypeE
                0x038081f0       0x4c C:\Program Files (x86)\VEX Robotics\VEXcode Pro V5\sdk/vexv5\libv5rt.a(vex_imu.cpp.obj)
                0x038081f0                vex::inertial::inertial(long, vex::turnType)
                0x038081f0                vex::inertial::inertial(long, vex::turnType)
 .text._ZN3vex8inertial16startCalibrationEl
                0x0380823c       0x20 C:\Program Files (x86)\VEX Robotics\VEXcode Pro V5\sdk/vexv5\libv5rt.a(vex_imu.cpp.obj)
                0x0380823c                vex::inertial::startCalibration(long)
 .text._ZN3vex8inertial9calibrateEl
                0x0380825c        0xc C:\Program Files (x86)\VEX Robotics\VEXcode Pro V5\sdk/vexv5\libv5rt.a(vex_imu.cpp.obj)
                0x0380825c                vex::inertial::calibrate(long)
                0x03808260                non-virtual thunk to vex::inertial::calibrate(long)
 .text._ZN3vex8rotationD2Ev
                0x03808268       0x20 C:\Program Files (x86)\VEX Robotics\VEXcode Pro V5\sdk/vexv5\libv5rt.a(vex_rotation.cpp.obj)
                0x03808268                vex::rotation::~rotation()
                0x03808268                vex::rotation::~rotation()
 .text._ZN3vex8rotationD0Ev
                0x03808288       0x1c C:\Program Files (x86)\VEX Robotics\VEXcode Pro V5\sdk/vexv5\libv5rt.a(vex_rotation.cpp.obj)
                0x03808288                vex::rotation::~rotation()
 .text._ZN3vex8rotation9installedEv
                0x038082a4       0x18 C:\Program Files (x86)\VEX Robotics\VEXcode Pro V5\sdk/vexv5\libv5rt.a(vex_rotation.cpp.obj)
                0x038082a4                vex::rotation::installed()
 .text._ZN3vex8rotation5valueEv
                0x038082bc        0x8 C:\Program Files (x86)\VEX Robotics\VEXcode Pro V5\sdk/vexv5\libv5rt.a(vex_rotation.cpp.obj)
                0x038082bc                vex::rotation::value()
 .text._ZN3vex8rotationC2Elb
                0x038082c4       0x30 C:\Program Files (x86)\VEX Robotics\VEXcode Pro V5\sdk/vexv5\libv5rt.a(vex_rotation.cpp.obj)
                0x038082c4                vex::rotation::rotation(long, bool)
                0x038082c4                vex::rotation::rotation(long, bool)
 .text._ZN3vex8rotation13resetPositionEv
                0x038082f4        0xc C:\Program Files (x86)\VEX Robotics\VEXcode Pro V5\sdk/vexv5\libv5rt.a(vex_rotation.cpp.obj)
                0x038082f4                vex::rotation::resetPosition()
 .text._ZN3vex8rotation8positionENS_13rotationUnitsE
                0x03808300       0x50 C:\Program Files (x86)\VEX Robotics\VEXcode Pro V5\sdk/vexv5\libv5rt.a(vex_rotation.cpp.obj)
                0x03808300                vex::rotation::position(vex::rotationUnits)
 .text._ZN3vex7opticalD2Ev
                0x03808350       0x20 C:\Program Files (x86)\VEX Robotics\VEXcode Pro V5\sdk/vexv5\libv5rt.a(vex_optical.cpp.obj)
                0x03808350                vex::optical::~optical()
                0x03808350                vex::optical::~optical()
 .text._ZN3vex7opticalD0Ev
                0x03808370       0x1c C:\Program Files (x86)\VEX Robotics\VEXcode Pro V5\sdk/vexv5\libv5rt.a(vex_optical.cpp.obj)
                0x03808370                vex::optical::~optical()
 .text._ZN3vex7optical9installedEv
                0x0380838c       0x18 C:\Program Files (x86)\VEX Robotics\VEXcode Pro V5\sdk/vexv5\libv5rt.a(vex_optical.cpp.obj)
                0x0380838c                vex::optical::installed()
 .text._ZN3vex7optical3hueEv
                0x038083a4        0x8 C:\Program Files (x86)\VEX Robotics\VEXcode Pro V5\sdk/vexv5\libv5rt.a(vex_optical.cpp.obj)
                0x038083a4                vex::optical::hue()
 .text._ZN3vex7optical5valueEv
                0x038083ac       0x18 C:\Program Files (x86)\VEX Robotics\VEXcode Pro V5\sdk/vexv5\libv5rt.a(vex_optical.cpp.obj)
                0x038083ac                vex::optical::value()
 .text._ZN3vex7optical5colorEv
                0x038083c4       0xd0 C:\Program Files (x86)\VEX Robotics\VEXcode Pro V5\sdk/vexv5\libv5rt.a(vex_optical.cpp.obj)
                0x038083c4                vex::optical::color()
 .text._ZN3vex7optical12isNearObjectEv
                0x03808494       0x24 C:\Program Files (x86)\VEX Robotics\VEXcode Pro V5\sdk/vexv5\libv5rt.a(vex_optical.cpp.obj)
                0x03808494                vex::optical::isNearObject()
 .text._ZN3vex7optical13setLightPowerElNS_12percentUnitsE
                0x038084b8       0x2c C:\Program Files (x86)\VEX Robotics\VEXcode Pro V5\sdk/vexv5\libv5rt.a(vex_optical.cpp.obj)
                0x038084b8                vex::optical::setLightPower(long, vex::percentUnits)
 .text._ZN3vex7optical14objectDetectedEPFvvE
                0x038084e4       0x10 C:\Program Files (x86)\VEX Robotics\VEXcode Pro V5\sdk/vexv5\libv5rt.a(vex_optical.cpp.obj)
                0x038084e4                vex::optical::objectDetected(void (*)())
 .text._ZN3vex7optical13gestureEnableEv
                0x038084f4        0x8 C:\Program Files (x86)\VEX Robotics\VEXcode Pro V5\sdk/vexv5\libv5rt.a(vex_optical.cpp.obj)
                0x038084f4                vex::optical::gestureEnable()
 .text._ZN3vex7optical14gestureDisableEv
                0x038084fc        0x8 C:\Program Files (x86)\VEX Robotics\VEXcode Pro V5\sdk/vexv5\libv5rt.a(vex_optical.cpp.obj)
                0x038084fc                vex::optical::gestureDisable()
 .text._ZN3vex7opticalC2Elb
                0x03808504       0x54 C:\Program Files (x86)\VEX Robotics\VEXcode Pro V5\sdk/vexv5\libv5rt.a(vex_optical.cpp.obj)
                0x03808504                vex::optical::optical(long, bool)
                0x03808504                vex::optical::optical(long, bool)
 .text._ZN3vex10controllerD2Ev
                0x03808558        0x4 C:\Program Files (x86)\VEX Robotics\VEXcode Pro V5\sdk/vexv5\libv5rt.a(vex_controller.cpp.obj)
                0x03808558                vex::controller::~controller()
                0x03808558                vex::controller::~controller()
 .text._ZN3vex10controller5valueE19_V5_ControllerIndex
                0x0380855c        0x8 C:\Program Files (x86)\VEX Robotics\VEXcode Pro V5\sdk/vexv5\libv5rt.a(vex_controller.cpp.obj)
                0x0380855c                vex::controller::value(_V5_ControllerIndex)
 .text._ZN3vex10controller6rumbleEPKc
                0x03808564       0x4c C:\Program Files (x86)\VEX Robotics\VEXcode Pro V5\sdk/vexv5\libv5rt.a(vex_controller.cpp.obj)
                0x03808564                vex::controller::rumble(char const*)
 .text._ZNK3vex10controller6button8pressingEv
                0x038085b0       0xc8 C:\Program Files (x86)\VEX Robotics\VEXcode Pro V5\sdk/vexv5\libv5rt.a(vex_controller.cpp.obj)
                0x038085b0                vex::controller::button::pressing() const
 .text._ZNK3vex10controller6button21_buttonToPressedEventEv
                0x03808678       0x20 C:\Program Files (x86)\VEX Robotics\VEXcode Pro V5\sdk/vexv5\libv5rt.a(vex_controller.cpp.obj)
                0x03808678                vex::controller::button::_buttonToPressedEvent() const
 .text._ZNK3vex10controller6button22_buttonToReleasedEventEv
                0x03808698       0x20 C:\Program Files (x86)\VEX Robotics\VEXcode Pro V5\sdk/vexv5\libv5rt.a(vex_controller.cpp.obj)
                0x03808698                vex::controller::button::_buttonToReleasedEvent() const
 .text._ZN3vex10controller6buttonC2ENS0_11tButtonTypeEPS0_
                0x038086b8       0x48 C:\Program Files (x86)\VEX Robotics\VEXcode Pro V5\sdk/vexv5\libv5rt.a(vex_controller.cpp.obj)
                0x038086b8                vex::controller::button::button(vex::controller::tButtonType, vex::controller*)
                0x038086b8                vex::controller::button::button(vex::controller::tButtonType, vex::controller*)
 .text._ZNK3vex10controller4axis5valueEv
                0x03808700       0x58 C:\Program Files (x86)\VEX Robotics\VEXcode Pro V5\sdk/vexv5\libv5rt.a(vex_controller.cpp.obj)
                0x03808700                vex::controller::axis::value() const
 .text._ZNK3vex10controller4axis8positionENS_12percentUnitsE
                0x03808758       0x1c C:\Program Files (x86)\VEX Robotics\VEXcode Pro V5\sdk/vexv5\libv5rt.a(vex_controller.cpp.obj)
                0x03808758                vex::controller::axis::position(vex::percentUnits) const
 .text._ZNK3vex10controller4axis23_joystickToChangedEventEv
                0x03808774       0x20 C:\Program Files (x86)\VEX Robotics\VEXcode Pro V5\sdk/vexv5\libv5rt.a(vex_controller.cpp.obj)
                0x03808774                vex::controller::axis::_joystickToChangedEvent() const
 .text._ZN3vex10controller4axisC2ENS0_9tAxisTypeEPS0_
                0x03808794       0x2c C:\Program Files (x86)\VEX Robotics\VEXcode Pro V5\sdk/vexv5\libv5rt.a(vex_controller.cpp.obj)
                0x03808794                vex::controller::axis::axis(vex::controller::tAxisType, vex::controller*)
                0x03808794                vex::controller::axis::axis(vex::controller::tAxisType, vex::controller*)
 .text._ZN3vex10controllerC2ENS_14controllerTypeE
                0x038087c0      0x16c C:\Program Files (x86)\VEX Robotics\VEXcode Pro V5\sdk/vexv5\libv5rt.a(vex_controller.cpp.obj)
                0x038087c0                vex::controller::controller(vex::controllerType)
                0x038087c0                vex::controller::controller(vex::controllerType)
 .text._ZN3vex4taskC2Ev
                0x0380892c       0x28 C:\Program Files (x86)\VEX Robotics\VEXcode Pro V5\sdk/vexv5\libv5rt.a(vex_task.cpp.obj)
                0x0380892c                vex::task::task()
                0x0380892c                vex::task::task()
 .text._ZN3vex4taskC2EPFivE
                0x03808954       0x5c C:\Program Files (x86)\VEX Robotics\VEXcode Pro V5\sdk/vexv5\libv5rt.a(vex_task.cpp.obj)
                0x03808954                vex::task::task(int (*)())
                0x03808954                vex::task::task(int (*)())
 .text._ZN3vex4taskD2Ev
                0x038089b0        0x4 C:\Program Files (x86)\VEX Robotics\VEXcode Pro V5\sdk/vexv5\libv5rt.a(vex_task.cpp.obj)
                0x038089b0                vex::task::~task()
                0x038089b0                vex::task::~task()
 .text._ZN3vex4task4stopEPvi
                0x038089b4       0x1c C:\Program Files (x86)\VEX Robotics\VEXcode Pro V5\sdk/vexv5\libv5rt.a(vex_task.cpp.obj)
                0x038089b4                vex::task::stop(void*, int)
 .text._ZN3vex4task5sleepEm
                0x038089d0        0x4 C:\Program Files (x86)\VEX Robotics\VEXcode Pro V5\sdk/vexv5\libv5rt.a(vex_task.cpp.obj)
                0x038089d0                vex::task::sleep(unsigned long)
 .text._ZN3vex4task6_indexEPFivE
                0x038089d4       0x14 C:\Program Files (x86)\VEX Robotics\VEXcode Pro V5\sdk/vexv5\libv5rt.a(vex_task.cpp.obj)
                0x038089d4                vex::task::_index(int (*)())
 .text._ZN3vex4task8_stopAllEv
                0x038089e8       0x3c C:\Program Files (x86)\VEX Robotics\VEXcode Pro V5\sdk/vexv5\libv5rt.a(vex_task.cpp.obj)
                0x038089e8                vex::task::_stopAll()
 .text._ZN3vex11this_thread9sleep_forEm
                0x03808a24        0x4 C:\Program Files (x86)\VEX Robotics\VEXcode Pro V5\sdk/vexv5\libv5rt.a(vex_thread.cpp.obj)
                0x03808a24                vex::this_thread::sleep_for(unsigned long)
 .text._ZN3vex5event4initEmmPFvvE
                0x03808a28        0x4 C:\Program Files (x86)\VEX Robotics\VEXcode Pro V5\sdk/vexv5\libv5rt.a(vex_event.cpp.obj)
                0x03808a28                vex::event::init(unsigned long, unsigned long, void (*)())
 .text._ZN3vex5event4initEmmPFvPvES1_
                0x03808a2c        0x4 C:\Program Files (x86)\VEX Robotics\VEXcode Pro V5\sdk/vexv5\libv5rt.a(vex_event.cpp.obj)
                0x03808a2c                vex::event::init(unsigned long, unsigned long, void (*)(void*), void*)
 .text._ZN3vex5event9userindexEv
                0x03808a30        0x4 C:\Program Files (x86)\VEX Robotics\VEXcode Pro V5\sdk/vexv5\libv5rt.a(vex_event.cpp.obj)
                0x03808a30                vex::event::userindex()
 .text._ZZN3vex6meventC4EmmENUlvE_4_FUNEv
                0x03808a34        0x4 C:\Program Files (x86)\VEX Robotics\VEXcode Pro V5\sdk/vexv5\libv5rt.a(vex_mevent.cpp.obj)
 .text._ZN3vex6meventC2Emm
                0x03808a38       0x70 C:\Program Files (x86)\VEX Robotics\VEXcode Pro V5\sdk/vexv5\libv5rt.a(vex_mevent.cpp.obj)
                0x03808a38                vex::mevent::mevent(unsigned long, unsigned long)
                0x03808a38                vex::mevent::mevent(unsigned long, unsigned long)
 .text._ZN3vex5brain9_getIndexEv
                0x03808aa8       0x10 C:\Program Files (x86)\VEX Robotics\VEXcode Pro V5\sdk/vexv5\libv5rt.a(vex_brain.cpp.obj)
                0x03808aa8                vex::brain::_getIndex()
 .text._ZN3vex5brain3lcd9setCursorEll
                0x03808ab8       0x44 C:\Program Files (x86)\VEX Robotics\VEXcode Pro V5\sdk/vexv5\libv5rt.a(vex_brain.cpp.obj)
                0x03808ab8                vex::brain::lcd::setCursor(long, long)
 .text._ZN3vex5brain3lcd7setFontENS_8fontTypeE
                0x03808afc      0x23c C:\Program Files (x86)\VEX Robotics\VEXcode Pro V5\sdk/vexv5\libv5rt.a(vex_brain.cpp.obj)
                0x03808afc                vex::brain::lcd::setFont(vex::fontType)
 .text._ZN3vex5brain3lcdC2Ev
                0x03808d38       0x94 C:\Program Files (x86)\VEX Robotics\VEXcode Pro V5\sdk/vexv5\libv5rt.a(vex_brain.cpp.obj)
                0x03808d38                vex::brain::lcd::lcd()
                0x03808d38                vex::brain::lcd::lcd()
 .text._ZN3vex5brainC2Ev
                0x03808dcc       0x3c C:\Program Files (x86)\VEX Robotics\VEXcode Pro V5\sdk/vexv5\libv5rt.a(vex_brain.cpp.obj)
                0x03808dcc                vex::brain::brain()
                0x03808dcc                vex::brain::brain()
 .text._ZN3vex5brain3lcd7printAtEllPKcz
                0x03808e08       0x54 C:\Program Files (x86)\VEX Robotics\VEXcode Pro V5\sdk/vexv5\libv5rt.a(vex_brain.cpp.obj)
                0x03808e08                vex::brain::lcd::printAt(long, long, char const*, ...)
 .text._ZN3vex5brain3lcd12_clearScreenEm
                0x03808e5c       0x38 C:\Program Files (x86)\VEX Robotics\VEXcode Pro V5\sdk/vexv5\libv5rt.a(vex_brain.cpp.obj)
                0x03808e5c                vex::brain::lcd::_clearScreen(unsigned long)
 .text._ZN3vex5brain3lcd11clearScreenERKNS_5colorE
                0x03808e94       0x20 C:\Program Files (x86)\VEX Robotics\VEXcode Pro V5\sdk/vexv5\libv5rt.a(vex_brain.cpp.obj)
                0x03808e94                vex::brain::lcd::clearScreen(vex::color const&)
 .text._ZN3vex5brain3lcd11clearScreenEv
                0x03808eb4       0x2c C:\Program Files (x86)\VEX Robotics\VEXcode Pro V5\sdk/vexv5\libv5rt.a(vex_brain.cpp.obj)
                0x03808eb4                vex::brain::lcd::clearScreen()
 .text._ZN3vex5brain3lcd8pressingEv
                0x03808ee0       0x20 C:\Program Files (x86)\VEX Robotics\VEXcode Pro V5\sdk/vexv5\libv5rt.a(vex_brain.cpp.obj)
                0x03808ee0                vex::brain::lcd::pressing()
 .text._ZN3vex5brainD2Ev
                0x03808f00       0x20 C:\Program Files (x86)\VEX Robotics\VEXcode Pro V5\sdk/vexv5\libv5rt.a(vex_brain.cpp.obj)
                0x03808f00                vex::brain::~brain()
                0x03808f00                vex::brain::~brain()
 .text._ZN3vex11competition8_disableEPv
                0x03808f20       0xa4 C:\Program Files (x86)\VEX Robotics\VEXcode Pro V5\sdk/vexv5\libv5rt.a(vex_competition.cpp.obj)
                0x03808f20                vex::competition::_disable(void*)
 .text._ZN3vex11competition11_autonomousEv
                0x03808fc4       0x80 C:\Program Files (x86)\VEX Robotics\VEXcode Pro V5\sdk/vexv5\libv5rt.a(vex_competition.cpp.obj)
                0x03808fc4                vex::competition::_autonomous()
 .text._ZN3vex11competition14_drivercontrolEv
                0x03809044       0x80 C:\Program Files (x86)\VEX Robotics\VEXcode Pro V5\sdk/vexv5\libv5rt.a(vex_competition.cpp.obj)
                0x03809044                vex::competition::_drivercontrol()
 .text._ZN3vex11competitionC2Ev
                0x038090c4      0x13c C:\Program Files (x86)\VEX Robotics\VEXcode Pro V5\sdk/vexv5\libv5rt.a(vex_competition.cpp.obj)
                0x038090c4                vex::competition::competition()
                0x038090c4                vex::competition::competition()
 .text._ZN3vex11competitionD2Ev
                0x03809200        0x4 C:\Program Files (x86)\VEX Robotics\VEXcode Pro V5\sdk/vexv5\libv5rt.a(vex_competition.cpp.obj)
                0x03809200                vex::competition::~competition()
                0x03809200                vex::competition::~competition()
 .text._ZN3vex11competition10autonomousEPFvvE
                0x03809204       0x44 C:\Program Files (x86)\VEX Robotics\VEXcode Pro V5\sdk/vexv5\libv5rt.a(vex_competition.cpp.obj)
                0x03809204                vex::competition::autonomous(void (*)())
 .text._ZN3vex11competition13drivercontrolEPFvvE
                0x03809248       0x44 C:\Program Files (x86)\VEX Robotics\VEXcode Pro V5\sdk/vexv5\libv5rt.a(vex_competition.cpp.obj)
                0x03809248                vex::competition::drivercontrol(void (*)())
 .text._ZN3vex7triportD2Ev
                0x0380928c       0x38 C:\Program Files (x86)\VEX Robotics\VEXcode Pro V5\sdk/vexv5\libv5rt.a(vex_triport.cpp.obj)
                0x0380928c                vex::triport::~triport()
                0x0380928c                vex::triport::~triport()
 .text._ZN3vex7triportD0Ev
                0x038092c4       0x1c C:\Program Files (x86)\VEX Robotics\VEXcode Pro V5\sdk/vexv5\libv5rt.a(vex_triport.cpp.obj)
                0x038092c4                vex::triport::~triport()
 .text._ZN3vex7triport9installedEv
                0x038092e0       0x18 C:\Program Files (x86)\VEX Robotics\VEXcode Pro V5\sdk/vexv5\libv5rt.a(vex_triport.cpp.obj)
                0x038092e0                vex::triport::installed()
 .text._ZN3vex7triport4portC2ElPS0_
                0x038092f8       0x74 C:\Program Files (x86)\VEX Robotics\VEXcode Pro V5\sdk/vexv5\libv5rt.a(vex_triport.cpp.obj)
                0x038092f8                vex::triport::port::port(long, vex::triport*)
                0x038092f8                vex::triport::port::port(long, vex::triport*)
 .text._ZN3vex7triportC2El
                0x0380936c       0xf0 C:\Program Files (x86)\VEX Robotics\VEXcode Pro V5\sdk/vexv5\libv5rt.a(vex_triport.cpp.obj)
                0x0380936c                vex::triport::triport(long)
                0x0380936c                vex::triport::triport(long)
 .text._ZN3vex7triport4port4typeENS_11triportTypeE
                0x0380945c       0x30 C:\Program Files (x86)\VEX Robotics\VEXcode Pro V5\sdk/vexv5\libv5rt.a(vex_triport.cpp.obj)
                0x0380945c                vex::triport::port::type(vex::triportType)
 .text._ZN3vex7triport4port4typeEv
                0x0380948c       0x38 C:\Program Files (x86)\VEX Robotics\VEXcode Pro V5\sdk/vexv5\libv5rt.a(vex_triport.cpp.obj)
                0x0380948c                vex::triport::port::type()
 .text._ZN3vex7triport4port5valueEv
                0x038094c4       0x14 C:\Program Files (x86)\VEX Robotics\VEXcode Pro V5\sdk/vexv5\libv5rt.a(vex_triport.cpp.obj)
                0x038094c4                vex::triport::port::value()
 .text._ZN3vex7triport4port5valueEl
                0x038094d8       0x18 C:\Program Files (x86)\VEX Robotics\VEXcode Pro V5\sdk/vexv5\libv5rt.a(vex_triport.cpp.obj)
                0x038094d8                vex::triport::port::value(long)
 .text._ZN3vex7triport4port8rotationENS_13rotationUnitsE
                0x038094f0       0x40 C:\Program Files (x86)\VEX Robotics\VEXcode Pro V5\sdk/vexv5\libv5rt.a(vex_triport.cpp.obj)
                0x038094f0                vex::triport::port::rotation(vex::rotationUnits)
 .text._ZN3vex11__trideviceC2ERNS_7triport4portENS_11triportTypeE
                0x03809530       0x5c C:\Program Files (x86)\VEX Robotics\VEXcode Pro V5\sdk/vexv5\libv5rt.a(vex_triport.cpp.obj)
                0x03809530                vex::__tridevice::__tridevice(vex::triport::port&, vex::triportType)
                0x03809530                vex::__tridevice::__tridevice(vex::triport::port&, vex::triportType)
 .text._ZN3vex11digital_outC2ERNS_7triport4portE
                0x0380958c       0x18 C:\Program Files (x86)\VEX Robotics\VEXcode Pro V5\sdk/vexv5\libv5rt.a(vex_triport.cpp.obj)
                0x0380958c                vex::digital_out::digital_out(vex::triport::port&)
                0x0380958c                vex::digital_out::digital_out(vex::triport::port&)
 .text._ZN3vex11digital_outD2Ev
                0x038095a4        0x4 C:\Program Files (x86)\VEX Robotics\VEXcode Pro V5\sdk/vexv5\libv5rt.a(vex_triport.cpp.obj)
                0x038095a4                vex::digital_out::~digital_out()
                0x038095a4                vex::digital_out::~digital_out()
 .text._ZN3vex11digital_out3setEb
                0x038095a8        0x8 C:\Program Files (x86)\VEX Robotics\VEXcode Pro V5\sdk/vexv5\libv5rt.a(vex_triport.cpp.obj)
                0x038095a8                vex::digital_out::set(bool)
 .text._ZN3vex7encoderC2ERNS_7triport4portE
                0x038095b0       0x20 C:\Program Files (x86)\VEX Robotics\VEXcode Pro V5\sdk/vexv5\libv5rt.a(vex_triport.cpp.obj)
                0x038095b0                vex::encoder::encoder(vex::triport::port&)
                0x038095b0                vex::encoder::encoder(vex::triport::port&)
 .text._ZN3vex7encoderD2Ev
                0x038095d0        0x4 C:\Program Files (x86)\VEX Robotics\VEXcode Pro V5\sdk/vexv5\libv5rt.a(vex_triport.cpp.obj)
                0x038095d0                vex::encoder::~encoder()
                0x038095d0                vex::encoder::~encoder()
 .text._ZN3vex7encoder8positionENS_13rotationUnitsE
                0x038095d4        0x8 C:\Program Files (x86)\VEX Robotics\VEXcode Pro V5\sdk/vexv5\libv5rt.a(vex_triport.cpp.obj)
                0x038095d4                vex::encoder::position(vex::rotationUnits)
 .text._ZN3vex5colorD2Ev
                0x038095dc        0x4 C:\Program Files (x86)\VEX Robotics\VEXcode Pro V5\sdk/vexv5\libv5rt.a(vex_color.cpp.obj)
                0x038095dc                vex::color::~color()
                0x038095dc                vex::color::~color()
 .text._ZN3vex5colorC2Ev
                0x038095e0       0x10 C:\Program Files (x86)\VEX Robotics\VEXcode Pro V5\sdk/vexv5\libv5rt.a(vex_color.cpp.obj)
                0x038095e0                vex::color::color()
                0x038095e0                vex::color::color()
 .text._ZNK3vex5colorcvmEv
                0x038095f0        0x8 C:\Program Files (x86)\VEX Robotics\VEXcode Pro V5\sdk/vexv5\libv5rt.a(vex_color.cpp.obj)
                0x038095f0                vex::color::operator unsigned long() const
 .text._ZN3vex5color3hsvEmdd
                0x038095f8      0x13c C:\Program Files (x86)\VEX Robotics\VEXcode Pro V5\sdk/vexv5\libv5rt.a(vex_color.cpp.obj)
                0x038095f8                vex::color::hsv(unsigned long, double, double)
 .text.startup._GLOBAL__sub_I__ZN3vex5color5blackE
                0x03809734      0x164 C:\Program Files (x86)\VEX Robotics\VEXcode Pro V5\sdk/vexv5\libv5rt.a(vex_color.cpp.obj)
 .text._ZN3vex5timerD2Ev
                0x03809898        0x4 C:\Program Files (x86)\VEX Robotics\VEXcode Pro V5\sdk/vexv5\libv5rt.a(vex_timer.cpp.obj)
                0x03809898                vex::timer::~timer()
                0x03809898                vex::timer::~timer()
 .text._ZN3vex5timer5clearEv
                0x0380989c       0x1c C:\Program Files (x86)\VEX Robotics\VEXcode Pro V5\sdk/vexv5\libv5rt.a(vex_timer.cpp.obj)
                0x0380989c                vex::timer::clear()
 .text._ZN3vex5timerC2Ev
                0x038098b8       0x14 C:\Program Files (x86)\VEX Robotics\VEXcode Pro V5\sdk/vexv5\libv5rt.a(vex_timer.cpp.obj)
                0x038098b8                vex::timer::timer()
                0x038098b8                vex::timer::timer()
 .text._ZN3vex11motor_group18motor_group_motorsC2Ev
                0x038098cc       0x28 C:\Program Files (x86)\VEX Robotics\VEXcode Pro V5\sdk/vexv5\libv5rt.a(vex_motorgroup.cpp.obj)
                0x038098cc                vex::motor_group::motor_group_motors::motor_group_motors()
                0x038098cc                vex::motor_group::motor_group_motors::motor_group_motors()
 .text._ZN3vex11motor_group18motor_group_motorsC2ERKS1_
                0x038098f4       0x20 C:\Program Files (x86)\VEX Robotics\VEXcode Pro V5\sdk/vexv5\libv5rt.a(vex_motorgroup.cpp.obj)
                0x038098f4                vex::motor_group::motor_group_motors::motor_group_motors(vex::motor_group::motor_group_motors const&)
                0x038098f4                vex::motor_group::motor_group_motors::motor_group_motors(vex::motor_group::motor_group_motors const&)
 .text._ZN3vex11motor_groupC2Ev
                0x03809914       0x1c C:\Program Files (x86)\VEX Robotics\VEXcode Pro V5\sdk/vexv5\libv5rt.a(vex_motorgroup.cpp.obj)
                0x03809914                vex::motor_group::motor_group()
                0x03809914                vex::motor_group::motor_group()
 .text._ZN3vex11motor_groupD2Ev
                0x03809930        0x4 C:\Program Files (x86)\VEX Robotics\VEXcode Pro V5\sdk/vexv5\libv5rt.a(vex_motorgroup.cpp.obj)
                0x03809930                vex::motor_group::~motor_group()
                0x03809930                vex::motor_group::~motor_group()
 .text._ZN3vex11motor_group9_addMotorERNS_5motorE
                0x03809934       0x20 C:\Program Files (x86)\VEX Robotics\VEXcode Pro V5\sdk/vexv5\libv5rt.a(vex_motorgroup.cpp.obj)
                0x03809934                vex::motor_group::_addMotor(vex::motor&)
 .text._ZN3vex11motor_group11setVelocityEdNS_13velocityUnitsE
                0x03809954       0x4c C:\Program Files (x86)\VEX Robotics\VEXcode Pro V5\sdk/vexv5\libv5rt.a(vex_motorgroup.cpp.obj)
                0x03809954                vex::motor_group::setVelocity(double, vex::velocityUnits)
 .text._ZN3vex11motor_group4spinENS_13directionTypeE
                0x038099a0       0x38 C:\Program Files (x86)\VEX Robotics\VEXcode Pro V5\sdk/vexv5\libv5rt.a(vex_motorgroup.cpp.obj)
                0x038099a0                vex::motor_group::spin(vex::directionType)
 .text._ZN3vex11motor_group4spinENS_13directionTypeEdNS_12voltageUnitsE
                0x038099d8       0x54 C:\Program Files (x86)\VEX Robotics\VEXcode Pro V5\sdk/vexv5\libv5rt.a(vex_motorgroup.cpp.obj)
                0x038099d8                vex::motor_group::spin(vex::directionType, double, vex::voltageUnits)
 .text._ZN3vex11motor_group10isSpinningEv
                0x03809a2c       0x40 C:\Program Files (x86)\VEX Robotics\VEXcode Pro V5\sdk/vexv5\libv5rt.a(vex_motorgroup.cpp.obj)
                0x03809a2c                vex::motor_group::isSpinning()
 .text._ZN3vex11motor_group6isDoneEv
                0x03809a6c       0x14 C:\Program Files (x86)\VEX Robotics\VEXcode Pro V5\sdk/vexv5\libv5rt.a(vex_motorgroup.cpp.obj)
                0x03809a6c                vex::motor_group::isDone()
 .text._ZN3vex11motor_group4stopEv
                0x03809a80       0x30 C:\Program Files (x86)\VEX Robotics\VEXcode Pro V5\sdk/vexv5\libv5rt.a(vex_motorgroup.cpp.obj)
                0x03809a80                vex::motor_group::stop()
 .text._ZN3vex11motor_group4stopENS_9brakeTypeE
                0x03809ab0       0x38 C:\Program Files (x86)\VEX Robotics\VEXcode Pro V5\sdk/vexv5\libv5rt.a(vex_motorgroup.cpp.obj)
                0x03809ab0                vex::motor_group::stop(vex::brakeType)
 .text._ZN3vex11motor_group12setMaxTorqueEdNS_12percentUnitsE
                0x03809ae8       0x4c C:\Program Files (x86)\VEX Robotics\VEXcode Pro V5\sdk/vexv5\libv5rt.a(vex_motorgroup.cpp.obj)
                0x03809ae8                vex::motor_group::setMaxTorque(double, vex::percentUnits)
 .text._ZN3vex11motor_group8positionENS_13rotationUnitsE
                0x03809b34        0xc C:\Program Files (x86)\VEX Robotics\VEXcode Pro V5\sdk/vexv5\libv5rt.a(vex_motorgroup.cpp.obj)
                0x03809b34                vex::motor_group::position(vex::rotationUnits)
 .text._ZN3vex11motor_group20waitForCompletionAllEv
                0x03809b40       0x60 C:\Program Files (x86)\VEX Robotics\VEXcode Pro V5\sdk/vexv5\libv5rt.a(vex_motorgroup.cpp.obj)
                0x03809b40                vex::motor_group::waitForCompletionAll()
 .text._ZN3vex11motor_group7spinForENS_13directionTypeEdNS_13rotationUnitsEb
                0x03809ba0       0x80 C:\Program Files (x86)\VEX Robotics\VEXcode Pro V5\sdk/vexv5\libv5rt.a(vex_motorgroup.cpp.obj)
                0x03809ba0                vex::motor_group::spinFor(vex::directionType, double, vex::rotationUnits, bool)
 .text.vexAdiPortConfigSet
                0x03809c20       0x28 C:\Program Files (x86)\VEX Robotics\VEXcode Pro V5\sdk/vexv5\libv5rt.a(v5_apiuser.c.obj)
                0x03809c20                vexAdiPortConfigSet
 .text.vexAdiPortConfigGet
                0x03809c48       0x28 C:\Program Files (x86)\VEX Robotics\VEXcode Pro V5\sdk/vexv5\libv5rt.a(v5_apiuser.c.obj)
                0x03809c48                vexAdiPortConfigGet
 .text.vexAdiValueSet
                0x03809c70       0x28 C:\Program Files (x86)\VEX Robotics\VEXcode Pro V5\sdk/vexv5\libv5rt.a(v5_apiuser.c.obj)
                0x03809c70                vexAdiValueSet
 .text.vexAdiValueGet
                0x03809c98       0x20 C:\Program Files (x86)\VEX Robotics\VEXcode Pro V5\sdk/vexv5\libv5rt.a(v5_apiuser.c.obj)
                0x03809c98                vexAdiValueGet
 .text.vexMotorVelocitySet
                0x03809cb8       0x20 C:\Program Files (x86)\VEX Robotics\VEXcode Pro V5\sdk/vexv5\libv5rt.a(v5_apiuser.c.obj)
                0x03809cb8                vexMotorVelocitySet
 .text.vexMotorVoltageSet
                0x03809cd8       0x20 C:\Program Files (x86)\VEX Robotics\VEXcode Pro V5\sdk/vexv5\libv5rt.a(v5_apiuser.c.obj)
                0x03809cd8                vexMotorVoltageSet
 .text.vexMotorVelocityGet
                0x03809cf8       0x18 C:\Program Files (x86)\VEX Robotics\VEXcode Pro V5\sdk/vexv5\libv5rt.a(v5_apiuser.c.obj)
                0x03809cf8                vexMotorVelocityGet
 .text.vexMotorActualVelocityGet
                0x03809d10       0x24 C:\Program Files (x86)\VEX Robotics\VEXcode Pro V5\sdk/vexv5\libv5rt.a(v5_apiuser.c.obj)
                0x03809d10                vexMotorActualVelocityGet
 .text.vexMotorModeGet
                0x03809d34       0x18 C:\Program Files (x86)\VEX Robotics\VEXcode Pro V5\sdk/vexv5\libv5rt.a(v5_apiuser.c.obj)
                0x03809d34                vexMotorModeGet
 .text.vexMotorCurrentLimitSet
                0x03809d4c       0x20 C:\Program Files (x86)\VEX Robotics\VEXcode Pro V5\sdk/vexv5\libv5rt.a(v5_apiuser.c.obj)
                0x03809d4c                vexMotorCurrentLimitSet
 .text.vexMotorTemperatureGet
                0x03809d6c       0x24 C:\Program Files (x86)\VEX Robotics\VEXcode Pro V5\sdk/vexv5\libv5rt.a(v5_apiuser.c.obj)
                0x03809d6c                vexMotorTemperatureGet
 .text.vexMotorZeroPositionFlagGet
                0x03809d90       0x18 C:\Program Files (x86)\VEX Robotics\VEXcode Pro V5\sdk/vexv5\libv5rt.a(v5_apiuser.c.obj)
                0x03809d90                vexMotorZeroPositionFlagGet
 .text.vexMotorReverseFlagSet
                0x03809da8       0x20 C:\Program Files (x86)\VEX Robotics\VEXcode Pro V5\sdk/vexv5\libv5rt.a(v5_apiuser.c.obj)
                0x03809da8                vexMotorReverseFlagSet
 .text.vexMotorEncoderUnitsSet
                0x03809dc8       0x20 C:\Program Files (x86)\VEX Robotics\VEXcode Pro V5\sdk/vexv5\libv5rt.a(v5_apiuser.c.obj)
                0x03809dc8                vexMotorEncoderUnitsSet
 .text.vexMotorBrakeModeSet
                0x03809de8       0x20 C:\Program Files (x86)\VEX Robotics\VEXcode Pro V5\sdk/vexv5\libv5rt.a(v5_apiuser.c.obj)
                0x03809de8                vexMotorBrakeModeSet
 .text.vexMotorPositionSet
                0x03809e08       0x28 C:\Program Files (x86)\VEX Robotics\VEXcode Pro V5\sdk/vexv5\libv5rt.a(v5_apiuser.c.obj)
                0x03809e08                vexMotorPositionSet
 .text.vexMotorPositionGet
                0x03809e30       0x24 C:\Program Files (x86)\VEX Robotics\VEXcode Pro V5\sdk/vexv5\libv5rt.a(v5_apiuser.c.obj)
                0x03809e30                vexMotorPositionGet
 .text.vexMotorRelativeTargetSet
                0x03809e54       0x30 C:\Program Files (x86)\VEX Robotics\VEXcode Pro V5\sdk/vexv5\libv5rt.a(v5_apiuser.c.obj)
                0x03809e54                vexMotorRelativeTargetSet
 .text.vexMotorGearingSet
                0x03809e84       0x20 C:\Program Files (x86)\VEX Robotics\VEXcode Pro V5\sdk/vexv5\libv5rt.a(v5_apiuser.c.obj)
                0x03809e84                vexMotorGearingSet
 .text.vexMotorGearingGet
                0x03809ea4       0x18 C:\Program Files (x86)\VEX Robotics\VEXcode Pro V5\sdk/vexv5\libv5rt.a(v5_apiuser.c.obj)
                0x03809ea4                vexMotorGearingGet
 .text.vexImuReset
                0x03809ebc       0x10 C:\Program Files (x86)\VEX Robotics\VEXcode Pro V5\sdk/vexv5\libv5rt.a(v5_apiuser.c.obj)
                0x03809ebc                vexImuReset
 .text.vexImuHeadingGet
                0x03809ecc       0x10 C:\Program Files (x86)\VEX Robotics\VEXcode Pro V5\sdk/vexv5\libv5rt.a(v5_apiuser.c.obj)
                0x03809ecc                vexImuHeadingGet
 .text.vexImuDegreesGet
                0x03809edc       0x10 C:\Program Files (x86)\VEX Robotics\VEXcode Pro V5\sdk/vexv5\libv5rt.a(v5_apiuser.c.obj)
                0x03809edc                vexImuDegreesGet
 .text.vexImuStatusGet
                0x03809eec       0x10 C:\Program Files (x86)\VEX Robotics\VEXcode Pro V5\sdk/vexv5\libv5rt.a(v5_apiuser.c.obj)
                0x03809eec                vexImuStatusGet
 .text.vexAbsEncPositionSet
                0x03809efc       0x18 C:\Program Files (x86)\VEX Robotics\VEXcode Pro V5\sdk/vexv5\libv5rt.a(v5_apiuser.c.obj)
                0x03809efc                vexAbsEncPositionSet
 .text.vexAbsEncPositionGet
                0x03809f14       0x10 C:\Program Files (x86)\VEX Robotics\VEXcode Pro V5\sdk/vexv5\libv5rt.a(v5_apiuser.c.obj)
                0x03809f14                vexAbsEncPositionGet
 .text.vexAbsEncAngleGet
                0x03809f24       0x10 C:\Program Files (x86)\VEX Robotics\VEXcode Pro V5\sdk/vexv5\libv5rt.a(v5_apiuser.c.obj)
                0x03809f24                vexAbsEncAngleGet
 .text.vexAbsEncReverseFlagSet
                0x03809f34       0x18 C:\Program Files (x86)\VEX Robotics\VEXcode Pro V5\sdk/vexv5\libv5rt.a(v5_apiuser.c.obj)
                0x03809f34                vexAbsEncReverseFlagSet
 .text.vexOpticalHueGet
                0x03809f4c       0x10 C:\Program Files (x86)\VEX Robotics\VEXcode Pro V5\sdk/vexv5\libv5rt.a(v5_apiuser.c.obj)
                0x03809f4c                vexOpticalHueGet
 .text.vexOpticalProximityGet
                0x03809f5c       0x10 C:\Program Files (x86)\VEX Robotics\VEXcode Pro V5\sdk/vexv5\libv5rt.a(v5_apiuser.c.obj)
                0x03809f5c                vexOpticalProximityGet
 .text.vexOpticalLedPwmSet
                0x03809f6c       0x18 C:\Program Files (x86)\VEX Robotics\VEXcode Pro V5\sdk/vexv5\libv5rt.a(v5_apiuser.c.obj)
                0x03809f6c                vexOpticalLedPwmSet
 .text.vexOpticalGestureEnable
                0x03809f84       0x10 C:\Program Files (x86)\VEX Robotics\VEXcode Pro V5\sdk/vexv5\libv5rt.a(v5_apiuser.c.obj)
                0x03809f84                vexOpticalGestureEnable
 .text.vexOpticalGestureDisable
                0x03809f94       0x10 C:\Program Files (x86)\VEX Robotics\VEXcode Pro V5\sdk/vexv5\libv5rt.a(v5_apiuser.c.obj)
                0x03809f94                vexOpticalGestureDisable
 .text.vexOpticalProximityThreshold
                0x03809fa4       0x18 C:\Program Files (x86)\VEX Robotics\VEXcode Pro V5\sdk/vexv5\libv5rt.a(v5_apiuser.c.obj)
                0x03809fa4                vexOpticalProximityThreshold
 .text.vexEventMaskSet
                0x03809fbc       0x28 C:\Program Files (x86)\VEX Robotics\VEXcode Pro V5\sdk/vexv5\libv5rt.a(v5_apiuser.c.obj)
                0x03809fbc                vexEventMaskSet
 .text.vexEventMaskGet
                0x03809fe4       0x18 C:\Program Files (x86)\VEX Robotics\VEXcode Pro V5\sdk/vexv5\libv5rt.a(v5_apiuser.c.obj)
                0x03809fe4                vexEventMaskGet
 .text._ZN3vex6deviceD2Ev
                0x03809ffc        0x4 C:\Program Files (x86)\VEX Robotics\VEXcode Pro V5\sdk/vexv5\libv5rt.a(vex_device.cpp.obj)
                0x03809ffc                vex::device::~device()
                0x03809ffc                vex::device::~device()
 .text._ZN3vex6device5valueEv
                0x0380a000        0x8 C:\Program Files (x86)\VEX Robotics\VEXcode Pro V5\sdk/vexv5\libv5rt.a(vex_device.cpp.obj)
                0x0380a000                vex::device::value()
 .text._ZN3vex6deviceD0Ev
                0x0380a008       0x14 C:\Program Files (x86)\VEX Robotics\VEXcode Pro V5\sdk/vexv5\libv5rt.a(vex_device.cpp.obj)
                0x0380a008                vex::device::~device()
 .text._ZN3vex6device4initEl
                0x0380a01c       0x30 C:\Program Files (x86)\VEX Robotics\VEXcode Pro V5\sdk/vexv5\libv5rt.a(vex_device.cpp.obj)
                0x0380a01c                vex::device::init(long)
 .text._ZN3vex6deviceC2El
                0x0380a04c       0x20 C:\Program Files (x86)\VEX Robotics\VEXcode Pro V5\sdk/vexv5\libv5rt.a(vex_device.cpp.obj)
                0x0380a04c                vex::device::device(long)
                0x0380a04c                vex::device::device(long)
 .text._ZN3vex6device4typeEv
                0x0380a06c       0x10 C:\Program Files (x86)\VEX Robotics\VEXcode Pro V5\sdk/vexv5\libv5rt.a(vex_device.cpp.obj)
                0x0380a06c                vex::device::type()
 .text._ZN3vex6device9installedEv
                0x0380a07c       0x14 C:\Program Files (x86)\VEX Robotics\VEXcode Pro V5\sdk/vexv5\libv5rt.a(vex_device.cpp.obj)
                0x0380a07c                vex::device::installed()
 .text.__libc_fini_array
                0x0380a090       0x30 C:\Program Files (x86)\VEX Robotics\VEXcode Pro V5\sdk/vexv5/gcc/libs\libc.a(lib_a-fini.o)
                0x0380a090                __libc_fini_array
 .text.__libc_init_array
                0x0380a0c0       0x58 C:\Program Files (x86)\VEX Robotics\VEXcode Pro V5\sdk/vexv5/gcc/libs\libc.a(lib_a-init.o)
                0x0380a0c0                __libc_init_array
 .text.fmax     0x0380a118       0x4c C:\Program Files (x86)\VEX Robotics\VEXcode Pro V5\sdk/vexv5/gcc/libs\libm.a(lib_a-s_fmax.o)
                0x0380a118                fmax
 .text.hypot    0x0380a164       0xb4 C:\Program Files (x86)\VEX Robotics\VEXcode Pro V5\sdk/vexv5/gcc/libs\libm.a(lib_a-w_hypot.o)
                0x0380a164                hypot
 .text.__ieee754_hypot
                0x0380a218      0x198 C:\Program Files (x86)\VEX Robotics\VEXcode Pro V5\sdk/vexv5/gcc/libs\libm.a(lib_a-e_hypot.o)
                0x0380a218                __ieee754_hypot
 .text.__ieee754_hypot.__stub
                0x0380a3b0       0x18 linker stubs
 *(.gnu.linkonce.t.*)
 *(.plt)
 *(.gnu_warning)
 *(.gcc_except_table)
 *(.glue_7)
 .glue_7        0x00000000        0x0 linker stubs
 *(.glue_7t)
 .glue_7t       0x00000000        0x0 linker stubs
 *(.vfp11_veneer)
 .vfp11_veneer  0x00000000        0x0 linker stubs
 *(.ARM.extab)
 *(.gnu.linkonce.armextab.*)

.v4_bx          0x0380a3c8        0x0
 .v4_bx         0x00000000        0x0 linker stubs

.iplt           0x0380a3c8        0x0
 .iplt          0x00000000        0x0 build/src/pneumatics.o

.init
 *(.init)

.fini
 *(.fini)

.rodata         0x0380a3c8      0x3f4
                0x0380a3c8                __rodata_start = .
 *(.rodata)
 *(.rodata.*)
 .rodata.str1.1
                0x0380a3c8        0x4 build/src/pneumatics.o
 .rodata.str1.1
                0x0380a3cc       0xa5 build/src/main.o
 .rodata.str1.1
                0x0380a471       0x67 build/src/autons.o
                                 0x95 (size before relaxing)
 .rodata.str1.1
                0x00000000        0x4 build/src/wallstakes.o
 .rodata.cst32  0x0380a4d8       0x20 build/src/wallstakes.o
 .rodata.str1.1
                0x00000000        0x6 build/src/data_collect.o
 .rodata.str1.1
                0x0380a4f8       0xb2 build/src/print.o
 .rodata.str1.1
                0x0380a5aa       0x2e C:\Program Files (x86)\VEX Robotics\VEXcode Pro V5\sdk/vexv5\libv5rt.a(v5_startup.c.obj)
 .rodata._ZN3vex6PORT20E
                0x0380a5d8        0x4 C:\Program Files (x86)\VEX Robotics\VEXcode Pro V5\sdk/vexv5\libv5rt.a(vex_global.cpp.obj)
                0x0380a5d8                vex::PORT20
 .rodata._ZN3vex3fwdE
                0x0380a5dc        0x4 C:\Program Files (x86)\VEX Robotics\VEXcode Pro V5\sdk/vexv5\libv5rt.a(vex_global.cpp.obj)
                0x0380a5dc                vex::fwd
 .rodata._ZN3vex5PORT3E
                0x0380a5e0        0x4 C:\Program Files (x86)\VEX Robotics\VEXcode Pro V5\sdk/vexv5\libv5rt.a(vex_global.cpp.obj)
                0x0380a5e0                vex::PORT3
 .rodata._ZN3vex5PORT1E
                0x0380a5e4        0x4 C:\Program Files (x86)\VEX Robotics\VEXcode Pro V5\sdk/vexv5\libv5rt.a(vex_global.cpp.obj)
                0x0380a5e4                vex::PORT1
 .rodata._ZN3vex7reverseE
                0x0380a5e8        0x4 C:\Program Files (x86)\VEX Robotics\VEXcode Pro V5\sdk/vexv5\libv5rt.a(vex_global.cpp.obj)
                0x0380a5e8                vex::reverse
 .rodata._ZN3vex4voltE
                0x0380a5ec        0x4 C:\Program Files (x86)\VEX Robotics\VEXcode Pro V5\sdk/vexv5\libv5rt.a(vex_global.cpp.obj)
                0x0380a5ec                vex::volt
 .rodata._ZN3vex6PORT10E
                0x0380a5f0        0x4 C:\Program Files (x86)\VEX Robotics\VEXcode Pro V5\sdk/vexv5\libv5rt.a(vex_global.cpp.obj)
                0x0380a5f0                vex::PORT10
 .rodata._ZN3vex5PORT5E
                0x0380a5f4        0x4 C:\Program Files (x86)\VEX Robotics\VEXcode Pro V5\sdk/vexv5\libv5rt.a(vex_global.cpp.obj)
                0x0380a5f4                vex::PORT5
 .rodata._ZN3vex3pctE
                0x0380a5f8        0x4 C:\Program Files (x86)\VEX Robotics\VEXcode Pro V5\sdk/vexv5\libv5rt.a(vex_global.cpp.obj)
                0x0380a5f8                vex::pct
 .rodata._ZN3vex3redE
                0x0380a5fc        0x4 C:\Program Files (x86)\VEX Robotics\VEXcode Pro V5\sdk/vexv5\libv5rt.a(vex_global.cpp.obj)
                0x0380a5fc                vex::red
 .rodata._ZN3vex4msecE
                0x0380a600        0x4 C:\Program Files (x86)\VEX Robotics\VEXcode Pro V5\sdk/vexv5\libv5rt.a(vex_global.cpp.obj)
                0x0380a600                vex::msec
 .rodata._ZN3vex4blueE
                0x0380a604        0x4 C:\Program Files (x86)\VEX Robotics\VEXcode Pro V5\sdk/vexv5\libv5rt.a(vex_global.cpp.obj)
                0x0380a604                vex::blue
 .rodata._ZN3vex5PORT9E
                0x0380a608        0x4 C:\Program Files (x86)\VEX Robotics\VEXcode Pro V5\sdk/vexv5\libv5rt.a(vex_global.cpp.obj)